Archive member included to satisfy reference by file (symbol)

c:/siliconlabs/simplicitystudio/v5/developer/toolchains/gnu_arm/10.3_2021.10/bin/../lib/gcc/arm-none-eabi/10.3.1/thumb/v8-m.main+fp/hard\libgcc.a(_aeabi_ldivmod.o)
                              ./gecko_sdk_4.1.1/platform/emlib/src/em_usart.o (__aeabi_ldivmod)
c:/siliconlabs/simplicitystudio/v5/developer/toolchains/gnu_arm/10.3_2021.10/bin/../lib/gcc/arm-none-eabi/10.3.1/thumb/v8-m.main+fp/hard\libgcc.a(_aeabi_uldivmod.o)
                              ./gecko_sdk_4.1.1/platform/emlib/src/em_usart.o (__aeabi_uldivmod)
c:/siliconlabs/simplicitystudio/v5/developer/toolchains/gnu_arm/10.3_2021.10/bin/../lib/gcc/arm-none-eabi/10.3.1/thumb/v8-m.main+fp/hard\libgcc.a(_udivmoddi4.o)
                              c:/siliconlabs/simplicitystudio/v5/developer/toolchains/gnu_arm/10.3_2021.10/bin/../lib/gcc/arm-none-eabi/10.3.1/thumb/v8-m.main+fp/hard\libgcc.a(_aeabi_ldivmod.o) (__udivmoddi4)
c:/siliconlabs/simplicitystudio/v5/developer/toolchains/gnu_arm/10.3_2021.10/bin/../lib/gcc/arm-none-eabi/10.3.1/thumb/v8-m.main+fp/hard\libgcc.a(_dvmd_tls.o)
                              c:/siliconlabs/simplicitystudio/v5/developer/toolchains/gnu_arm/10.3_2021.10/bin/../lib/gcc/arm-none-eabi/10.3.1/thumb/v8-m.main+fp/hard\libgcc.a(_aeabi_ldivmod.o) (__aeabi_ldiv0)
c:/siliconlabs/simplicitystudio/v5/developer/toolchains/gnu_arm/10.3_2021.10/bin/../lib/gcc/arm-none-eabi/10.3.1/../../../../arm-none-eabi/lib/thumb/v8-m.main+fp/hard\libc_nano.a(lib_a-exit.o)
                              c:/siliconlabs/simplicitystudio/v5/developer/toolchains/gnu_arm/10.3_2021.10/bin/../lib/gcc/arm-none-eabi/10.3.1/../../../../arm-none-eabi/lib/thumb/v8-m.main+fp/hard/crt0.o (exit)
c:/siliconlabs/simplicitystudio/v5/developer/toolchains/gnu_arm/10.3_2021.10/bin/../lib/gcc/arm-none-eabi/10.3.1/../../../../arm-none-eabi/lib/thumb/v8-m.main+fp/hard\libc_nano.a(lib_a-impure.o)
                              c:/siliconlabs/simplicitystudio/v5/developer/toolchains/gnu_arm/10.3_2021.10/bin/../lib/gcc/arm-none-eabi/10.3.1/../../../../arm-none-eabi/lib/thumb/v8-m.main+fp/hard\libc_nano.a(lib_a-exit.o) (_global_impure_ptr)
c:/siliconlabs/simplicitystudio/v5/developer/toolchains/gnu_arm/10.3_2021.10/bin/../lib/gcc/arm-none-eabi/10.3.1/../../../../arm-none-eabi/lib/thumb/v8-m.main+fp/hard\libc_nano.a(lib_a-init.o)
                              c:/siliconlabs/simplicitystudio/v5/developer/toolchains/gnu_arm/10.3_2021.10/bin/../lib/gcc/arm-none-eabi/10.3.1/../../../../arm-none-eabi/lib/thumb/v8-m.main+fp/hard/crt0.o (__libc_init_array)
c:/siliconlabs/simplicitystudio/v5/developer/toolchains/gnu_arm/10.3_2021.10/bin/../lib/gcc/arm-none-eabi/10.3.1/../../../../arm-none-eabi/lib/thumb/v8-m.main+fp/hard\libc_nano.a(lib_a-memset.o)
                              c:/siliconlabs/simplicitystudio/v5/developer/toolchains/gnu_arm/10.3_2021.10/bin/../lib/gcc/arm-none-eabi/10.3.1/../../../../arm-none-eabi/lib/thumb/v8-m.main+fp/hard/crt0.o (memset)
c:/siliconlabs/simplicitystudio/v5/developer/toolchains/gnu_arm/10.3_2021.10/bin/../lib/gcc/arm-none-eabi/10.3.1/../../../../arm-none-eabi/lib/thumb/v8-m.main+fp/hard\libnosys.a(_exit.o)
                              c:/siliconlabs/simplicitystudio/v5/developer/toolchains/gnu_arm/10.3_2021.10/bin/../lib/gcc/arm-none-eabi/10.3.1/../../../../arm-none-eabi/lib/thumb/v8-m.main+fp/hard\libc_nano.a(lib_a-exit.o) (_exit)

Discarded input sections

 .text          0x00000000        0x0 c:/siliconlabs/simplicitystudio/v5/developer/toolchains/gnu_arm/10.3_2021.10/bin/../lib/gcc/arm-none-eabi/10.3.1/thumb/v8-m.main+fp/hard/crti.o
 .data          0x00000000        0x0 c:/siliconlabs/simplicitystudio/v5/developer/toolchains/gnu_arm/10.3_2021.10/bin/../lib/gcc/arm-none-eabi/10.3.1/thumb/v8-m.main+fp/hard/crti.o
 .bss           0x00000000        0x0 c:/siliconlabs/simplicitystudio/v5/developer/toolchains/gnu_arm/10.3_2021.10/bin/../lib/gcc/arm-none-eabi/10.3.1/thumb/v8-m.main+fp/hard/crti.o
 .data          0x00000000        0x4 c:/siliconlabs/simplicitystudio/v5/developer/toolchains/gnu_arm/10.3_2021.10/bin/../lib/gcc/arm-none-eabi/10.3.1/thumb/v8-m.main+fp/hard/crtbegin.o
 .rodata        0x00000000       0x24 c:/siliconlabs/simplicitystudio/v5/developer/toolchains/gnu_arm/10.3_2021.10/bin/../lib/gcc/arm-none-eabi/10.3.1/thumb/v8-m.main+fp/hard/crtbegin.o
 .data          0x00000000        0x0 c:/siliconlabs/simplicitystudio/v5/developer/toolchains/gnu_arm/10.3_2021.10/bin/../lib/gcc/arm-none-eabi/10.3.1/../../../../arm-none-eabi/lib/thumb/v8-m.main+fp/hard/crt0.o
 .bss           0x00000000        0x0 c:/siliconlabs/simplicitystudio/v5/developer/toolchains/gnu_arm/10.3_2021.10/bin/../lib/gcc/arm-none-eabi/10.3.1/../../../../arm-none-eabi/lib/thumb/v8-m.main+fp/hard/crt0.o
 .ARM.extab     0x00000000        0x0 c:/siliconlabs/simplicitystudio/v5/developer/toolchains/gnu_arm/10.3_2021.10/bin/../lib/gcc/arm-none-eabi/10.3.1/../../../../arm-none-eabi/lib/thumb/v8-m.main+fp/hard/crt0.o
[...]
Memory Configuration

Name             Origin             Length             Attributes
FLASH            0x00000000         0x0007e000         xr
RAM              0x20000000         0x00008000         xrw
*default*        0x00000000         0xffffffff

Linker script and memory map

LOAD c:/siliconlabs/simplicitystudio/v5/developer/toolchains/gnu_arm/10.3_2021.10/bin/../lib/gcc/arm-none-eabi/10.3.1/thumb/v8-m.main+fp/hard/crti.o
LOAD c:/siliconlabs/simplicitystudio/v5/developer/toolchains/gnu_arm/10.3_2021.10/bin/../lib/gcc/arm-none-eabi/10.3.1/thumb/v8-m.main+fp/hard/crtbegin.o
LOAD c:/siliconlabs/simplicitystudio/v5/developer/toolchains/gnu_arm/10.3_2021.10/bin/../lib/gcc/arm-none-eabi/10.3.1/../../../../arm-none-eabi/lib/thumb/v8-m.main+fp/hard/crt0.o
START GROUP
LOAD ./app.o
LOAD ./delay.o
LOAD ./gpio.o
LOAD ./main.o
LOAD ./timer.o
LOAD ./autogen/sl_board_default_init.o
LOAD ./autogen/sl_device_init_clocks.o
LOAD ./autogen/sl_event_handler.o
LOAD ./gecko_sdk_4.1.1/hardware/board/src/sl_board_control_gpio.o
LOAD ./gecko_sdk_4.1.1/hardware/board/src/sl_board_init.o
LOAD ./gecko_sdk_4.1.1/hardware/driver/mx25_flash_shutdown/src/sl_mx25_flash_shutdown_usart/sl_mx25_flash_shutdown.o
LOAD ./gecko_sdk_4.1.1/platform/Device/SiliconLabs/EFR32BG22/Source/startup_efr32bg22.o
LOAD ./gecko_sdk_4.1.1/platform/Device/SiliconLabs/EFR32BG22/Source/system_efr32bg22.o
LOAD ./gecko_sdk_4.1.1/platform/common/src/sl_assert.o
LOAD ./gecko_sdk_4.1.1/platform/common/toolchain/src/sl_memory.o
LOAD ./gecko_sdk_4.1.1/platform/emlib/src/em_cmu.o
LOAD ./gecko_sdk_4.1.1/platform/emlib/src/em_core.o
LOAD ./gecko_sdk_4.1.1/platform/emlib/src/em_emu.o
LOAD ./gecko_sdk_4.1.1/platform/emlib/src/em_gpio.o
LOAD ./gecko_sdk_4.1.1/platform/emlib/src/em_msc.o
LOAD ./gecko_sdk_4.1.1/platform/emlib/src/em_system.o
LOAD ./gecko_sdk_4.1.1/platform/emlib/src/em_timer.o
LOAD ./gecko_sdk_4.1.1/platform/emlib/src/em_usart.o
LOAD ./gecko_sdk_4.1.1/platform/service/device_init/src/sl_device_init_dcdc_s2.o
LOAD ./gecko_sdk_4.1.1/platform/service/device_init/src/sl_device_init_emu_s2.o
LOAD ./gecko_sdk_4.1.1/platform/service/device_init/src/sl_device_init_hfxo_s2.o
LOAD ./gecko_sdk_4.1.1/platform/service/device_init/src/sl_device_init_lfxo_s2.o
LOAD ./gecko_sdk_4.1.1/platform/service/device_init/src/sl_device_init_nvic.o
LOAD ./gecko_sdk_4.1.1/platform/service/system/src/sl_system_init.o
LOAD ./gecko_sdk_4.1.1/platform/service/system/src/sl_system_process_action.o
LOAD ./gecko_sdk_4.1.1/platform/service/udelay/src/sl_udelay.o
LOAD ./gecko_sdk_4.1.1/platform/service/udelay/src/sl_udelay_armv6m_gcc.o
LOAD c:/siliconlabs/simplicitystudio/v5/developer/toolchains/gnu_arm/10.3_2021.10/bin/../lib/gcc/arm-none-eabi/10.3.1/../../../../arm-none-eabi/lib/thumb/v8-m.main+fp/hard\libstdc++_nano.a
LOAD c:/siliconlabs/simplicitystudio/v5/developer/toolchains/gnu_arm/10.3_2021.10/bin/../lib/gcc/arm-none-eabi/10.3.1/thumb/v8-m.main+fp/hard\libgcc.a
LOAD c:/siliconlabs/simplicitystudio/v5/developer/toolchains/gnu_arm/10.3_2021.10/bin/../lib/gcc/arm-none-eabi/10.3.1/../../../../arm-none-eabi/lib/thumb/v8-m.main+fp/hard\libnosys.a
END GROUP
START GROUP
LOAD c:/siliconlabs/simplicitystudio/v5/developer/toolchains/gnu_arm/10.3_2021.10/bin/../lib/gcc/arm-none-eabi/10.3.1/thumb/v8-m.main+fp/hard\libgcc.a
LOAD c:/siliconlabs/simplicitystudio/v5/developer/toolchains/gnu_arm/10.3_2021.10/bin/../lib/gcc/arm-none-eabi/10.3.1/../../../../arm-none-eabi/lib/thumb/v8-m.main+fp/hard\libc_nano.a
LOAD c:/siliconlabs/simplicitystudio/v5/developer/toolchains/gnu_arm/10.3_2021.10/bin/../lib/gcc/arm-none-eabi/10.3.1/../../../../arm-none-eabi/lib/thumb/v8-m.main+fp/hard\libnosys.a
END GROUP
LOAD c:/siliconlabs/simplicitystudio/v5/developer/toolchains/gnu_arm/10.3_2021.10/bin/../lib/gcc/arm-none-eabi/10.3.1/../../../../arm-none-eabi/lib/thumb/v8-m.main+fp/hard\libstdc++_nano.a
LOAD c:/siliconlabs/simplicitystudio/v5/developer/toolchains/gnu_arm/10.3_2021.10/bin/../lib/gcc/arm-none-eabi/10.3.1/../../../../arm-none-eabi/lib/thumb/v8-m.main+fp/hard\libm.a
LOAD c:/siliconlabs/simplicitystudio/v5/developer/toolchains/gnu_arm/10.3_2021.10/bin/../lib/gcc/arm-none-eabi/10.3.1/../../../../arm-none-eabi/lib/thumb/v8-m.main+fp/hard\libc_nano.a
START GROUP
LOAD c:/siliconlabs/simplicitystudio/v5/developer/toolchains/gnu_arm/10.3_2021.10/bin/../lib/gcc/arm-none-eabi/10.3.1/thumb/v8-m.main+fp/hard\libgcc.a
LOAD c:/siliconlabs/simplicitystudio/v5/developer/toolchains/gnu_arm/10.3_2021.10/bin/../lib/gcc/arm-none-eabi/10.3.1/../../../../arm-none-eabi/lib/thumb/v8-m.main+fp/hard\libg_nano.a
LOAD c:/siliconlabs/simplicitystudio/v5/developer/toolchains/gnu_arm/10.3_2021.10/bin/../lib/gcc/arm-none-eabi/10.3.1/../../../../arm-none-eabi/lib/thumb/v8-m.main+fp/hard\libc_nano.a
END GROUP
START GROUP
LOAD c:/siliconlabs/simplicitystudio/v5/developer/toolchains/gnu_arm/10.3_2021.10/bin/../lib/gcc/arm-none-eabi/10.3.1/thumb/v8-m.main+fp/hard\libgcc.a
LOAD c:/siliconlabs/simplicitystudio/v5/developer/toolchains/gnu_arm/10.3_2021.10/bin/../lib/gcc/arm-none-eabi/10.3.1/../../../../arm-none-eabi/lib/thumb/v8-m.main+fp/hard\libc_nano.a
LOAD c:/siliconlabs/simplicitystudio/v5/developer/toolchains/gnu_arm/10.3_2021.10/bin/../lib/gcc/arm-none-eabi/10.3.1/../../../../arm-none-eabi/lib/thumb/v8-m.main+fp/hard\libnosys.a
END GROUP
START GROUP
LOAD c:/siliconlabs/simplicitystudio/v5/developer/toolchains/gnu_arm/10.3_2021.10/bin/../lib/gcc/arm-none-eabi/10.3.1/thumb/v8-m.main+fp/hard\libgcc.a
LOAD c:/siliconlabs/simplicitystudio/v5/developer/toolchains/gnu_arm/10.3_2021.10/bin/../lib/gcc/arm-none-eabi/10.3.1/../../../../arm-none-eabi/lib/thumb/v8-m.main+fp/hard\libc_nano.a
LOAD c:/siliconlabs/simplicitystudio/v5/developer/toolchains/gnu_arm/10.3_2021.10/bin/../lib/gcc/arm-none-eabi/10.3.1/../../../../arm-none-eabi/lib/thumb/v8-m.main+fp/hard\libnosys.a
END GROUP
LOAD c:/siliconlabs/simplicitystudio/v5/developer/toolchains/gnu_arm/10.3_2021.10/bin/../lib/gcc/arm-none-eabi/10.3.1/thumb/v8-m.main+fp/hard/crtend.o
LOAD c:/siliconlabs/simplicitystudio/v5/developer/toolchains/gnu_arm/10.3_2021.10/bin/../lib/gcc/arm-none-eabi/10.3.1/thumb/v8-m.main+fp/hard/crtn.o

.text           0x00000000     0x22f8
                0x00000000                linker_vectors_begin = .
 *(.vectors)
 .vectors       0x00000000      0x140 ./gecko_sdk_4.1.1/platform/Device/SiliconLabs/EFR32BG22/Source/startup_efr32bg22.o
                0x00000000                __Vectors
                0x00000140                linker_vectors_end = .
                0x00000140                __Vectors_End = .
                0x00000140                __Vectors_Size = (__Vectors_End - __Vectors)
                0x00000140                linker_code_begin = .
 *(.text*)
 .text          0x00000140       0x40 c:/siliconlabs/simplicitystudio/v5/developer/toolchains/gnu_arm/10.3_2021.10/bin/../lib/gcc/arm-none-eabi/10.3.1/thumb/v8-m.main+fp/hard/crtbegin.o
 .text          0x00000180       0x7c c:/siliconlabs/simplicitystudio/v5/developer/toolchains/gnu_arm/10.3_2021.10/bin/../lib/gcc/arm-none-eabi/10.3.1/../../../../arm-none-eabi/lib/thumb/v8-m.main+fp/hard/crt0.o
                0x00000180                _stack_init
                0x00000188                _start
                0x00000188                _mainCRTStartup
 .text._Z8app_initv
                0x000001fc       0x62 ./app.o
                0x000001fc                app_init()
 .text._Z18app_process_actionv
                0x0000025e        0x2 ./app.o
                0x0000025e                app_process_action()
 .text._ZN4gpioC2Eimh
                0x00000260       0x1c ./gpio.o
                0x00000260                gpio::gpio(int, unsigned long, unsigned char)
                0x00000260                gpio::gpio(int, unsigned long, unsigned char)
 .text._ZN4gpio6setPinEv
                0x0000027c       0x50 ./gpio.o
                0x0000027c                gpio::setPin()
 .text._ZN4gpio9togglePinEv
                0x000002cc       0x50 ./gpio.o
                0x000002cc                gpio::togglePin()
 .text.startup.main
                0x0000031c       0x14 ./main.o
                0x0000031c                main
 .text.TIMER_TopSet.constprop.0
                0x00000330       0x24 ./timer.o
 .text.TIMER0_IRQHandler
                0x00000354       0x14 ./timer.o
                0x00000354                TIMER0_IRQHandler
 .text._ZN8efrtimer14timeoutoccuredEv
                0x00000368        0xc ./timer.o
                0x00000368                efrtimer::timeoutoccured()
 .text._ZN8efrtimer15cleartimerflagsEv
                0x00000374        0xc ./timer.o
                0x00000374                efrtimer::cleartimerflags()
 .text._ZN8efrtimer10startTimerEv
                0x00000380       0x18 ./timer.o
                0x00000380                efrtimer::startTimer()
 .text._ZN8efrtimerC2EP18TIMER_Init_TypeDefP20TIMER_InitCC_TypeDefm
                0x00000398       0x54 ./timer.o
                0x00000398                efrtimer::efrtimer(TIMER_Init_TypeDef*, TIMER_InitCC_TypeDef*, unsigned long)
                0x00000398                efrtimer::efrtimer(TIMER_Init_TypeDef*, TIMER_InitCC_TypeDef*, unsigned long)
 .text.sl_board_default_init
                0x000003ec       0x18 ./autogen/sl_board_default_init.o
                0x000003ec                sl_board_default_init
 .text.sl_device_init_clocks
                0x00000404       0x46 ./autogen/sl_device_init_clocks.o
                0x00000404                sl_device_init_clocks
 *fill*         0x0000044a        0x2 
 .text.sl_platform_init
                0x0000044c       0x60 ./autogen/sl_event_handler.o
                0x0000044c                sl_platform_init
 .text.sl_driver_init
                0x000004ac        0x2 ./autogen/sl_event_handler.o
                0x000004ac                sl_driver_init
 .text.sl_service_init
                0x000004ae        0x4 ./autogen/sl_event_handler.o
                0x000004ae                sl_service_init
 .text.sl_stack_init
                0x000004b2        0x2 ./autogen/sl_event_handler.o
                0x000004b2                sl_stack_init
 .text.sl_internal_app_init
                0x000004b4        0x2 ./autogen/sl_event_handler.o
                0x000004b4                sl_internal_app_init
 .text.sl_platform_process_action
                0x000004b6        0x2 ./autogen/sl_event_handler.o
                0x000004b6                sl_platform_process_action
 .text.sl_service_process_action
                0x000004b8        0x2 ./autogen/sl_event_handler.o
                0x000004b8                sl_service_process_action
 .text.sl_stack_process_action
                0x000004ba        0x2 ./autogen/sl_event_handler.o
                0x000004ba                sl_stack_process_action
 .text.sl_internal_app_process_action
                0x000004bc        0x2 ./autogen/sl_event_handler.o
                0x000004bc                sl_internal_app_process_action
 .text.sl_board_configure_vcom
                0x000004be        0x4 ./gecko_sdk_4.1.1/hardware/board/src/sl_board_control_gpio.o
                0x000004be                sl_board_configure_vcom
 *fill*         0x000004c2        0x2 
 .text.sl_board_disable_sensor
                0x000004c4       0x5c ./gecko_sdk_4.1.1/hardware/board/src/sl_board_control_gpio.o
                0x000004c4                sl_board_disable_sensor
 .text.sl_board_init
                0x00000520       0x16 ./gecko_sdk_4.1.1/hardware/board/src/sl_board_init.o
                0x00000520                sl_board_init
 .text.sl_board_preinit
                0x00000536        0x8 ./gecko_sdk_4.1.1/hardware/board/src/sl_board_init.o
                0x00000536                sl_board_preinit
 *fill*         0x0000053e        0x2 
 .text.cs_high  0x00000540        0xc ./gecko_sdk_4.1.1/hardware/driver/mx25_flash_shutdown/src/sl_mx25_flash_shutdown_usart/sl_mx25_flash_shutdown.o
 .text.cs_low   0x0000054c        0xc ./gecko_sdk_4.1.1/hardware/driver/mx25_flash_shutdown/src/sl_mx25_flash_shutdown_usart/sl_mx25_flash_shutdown.o
 .text.sl_mx25_flash_shutdown
                0x00000558      0x114 ./gecko_sdk_4.1.1/hardware/driver/mx25_flash_shutdown/src/sl_mx25_flash_shutdown_usart/sl_mx25_flash_shutdown.o
                0x00000558                sl_mx25_flash_shutdown
 .text.Default_Handler
                0x0000066c        0x2 ./gecko_sdk_4.1.1/platform/Device/SiliconLabs/EFR32BG22/Source/startup_efr32bg22.o
                0x0000066c                ULFRCO_IRQHandler
                0x0000066c                SW2_IRQHandler
                0x0000066c                TIMER2_IRQHandler
                0x0000066c                DebugMon_Handler
                0x0000066c                PKE_IRQHandler
                0x0000066c                USART0_TX_IRQHandler
                0x0000066c                PRORTC_IRQHandler
                0x0000066c                IADC_IRQHandler
                0x0000066c                I2C0_IRQHandler
                0x0000066c                LFXO_IRQHandler
                0x0000066c                CRYPTOACC_IRQHandler
                0x0000066c                HardFault_Handler
                0x0000066c                SMU_SECURE_IRQHandler
                0x0000066c                SysTick_Handler
                0x0000066c                USART1_RX_IRQHandler
                0x0000066c                EMUEFP_IRQHandler
                0x0000066c                PendSV_Handler
                0x0000066c                NMI_Handler
                0x0000066c                SYNTH_IRQHandler
                0x0000066c                HFXO0_IRQHandler
                0x0000066c                I2C1_IRQHandler
                0x0000066c                PDM_IRQHandler
                0x0000066c                WDOG0_IRQHandler
                0x0000066c                TIMER3_IRQHandler
                0x0000066c                SYSCFG_IRQHandler
                0x0000066c                EMUSE_IRQHandler
                0x0000066c                EMUDG_IRQHandler
                0x0000066c                USART1_TX_IRQHandler
                0x0000066c                MSC_IRQHandler
                0x0000066c                DPLL0_IRQHandler
                0x0000066c                UsageFault_Handler
                0x0000066c                M33CTI1_IRQHandler
                0x0000066c                TIMER4_IRQHandler
                0x0000066c                GPIO_EVEN_IRQHandler
                0x0000066c                LDMA_IRQHandler
                0x0000066c                SW0_IRQHandler
                0x0000066c                LETIMER0_IRQHandler
                0x0000066c                TIMER1_IRQHandler
                0x0000066c                HFRCO0_IRQHandler
                0x0000066c                RFSENSE_IRQHandler
                0x0000066c                SecureFault_Handler
                0x0000066c                BUFC_IRQHandler
                0x0000066c                DCDC_IRQHandler
                0x0000066c                MODEM_IRQHandler
                0x0000066c                Default_Handler
                0x0000066c                RAC_SEQ_IRQHandler
                0x0000066c                FRC_PRI_IRQHandler
                0x0000066c                EMU_IRQHandler
                0x0000066c                SW3_IRQHandler
                0x0000066c                KERNEL0_IRQHandler
                0x0000066c                FRC_IRQHandler
                0x0000066c                KERNEL1_IRQHandler
                0x0000066c                AGC_IRQHandler
                0x0000066c                sl_app_properties
                0x0000066c                BURTC_IRQHandler
                0x0000066c                LFRCO_IRQHandler
                0x0000066c                USART0_RX_IRQHandler
                0x0000066c                MemManage_Handler
                0x0000066c                RDMAILBOX_IRQHandler
                0x0000066c                SVC_Handler
                0x0000066c                RTCC_IRQHandler
                0x0000066c                SMU_S_PRIVILEGED_IRQHandler
                0x0000066c                SW1_IRQHandler
                0x0000066c                CMU_IRQHandler
                0x0000066c                RAC_RSM_IRQHandler
                0x0000066c                EUART0_TX_IRQHandler
                0x0000066c                EUART0_RX_IRQHandler
                0x0000066c                GPIO_ODD_IRQHandler
                0x0000066c                AES_IRQHandler
                0x0000066c                M33CTI0_IRQHandler
                0x0000066c                ICACHE0_IRQHandler
                0x0000066c                SMU_NS_PRIVILEGED_IRQHandler
                0x0000066c                PROTIMER_IRQHandler
                0x0000066c                BusFault_Handler
                0x0000066c                TRNG_IRQHandler
 *fill*         0x0000066e        0x2 
 .text.Reset_Handler
                0x00000670       0x60 ./gecko_sdk_4.1.1/platform/Device/SiliconLabs/EFR32BG22/Source/startup_efr32bg22.o
                0x00000670                Reset_Handler
 .text.SystemInit
                0x000006d0       0x64 ./gecko_sdk_4.1.1/platform/Device/SiliconLabs/EFR32BG22/Source/system_efr32bg22.o
                0x000006d0                SystemInit
 .text.SystemHFRCODPLLClockGet
                0x00000734        0xc ./gecko_sdk_4.1.1/platform/Device/SiliconLabs/EFR32BG22/Source/system_efr32bg22.o
                0x00000734                SystemHFRCODPLLClockGet
 .text.SystemSYSCLKGet
                0x00000740       0x34 ./gecko_sdk_4.1.1/platform/Device/SiliconLabs/EFR32BG22/Source/system_efr32bg22.o
                0x00000740                SystemSYSCLKGet
 .text.SystemHCLKGet
                0x00000774       0x24 ./gecko_sdk_4.1.1/platform/Device/SiliconLabs/EFR32BG22/Source/system_efr32bg22.o
                0x00000774                SystemHCLKGet
 .text.SystemMaxCoreClockGet
                0x00000798        0x8 ./gecko_sdk_4.1.1/platform/Device/SiliconLabs/EFR32BG22/Source/system_efr32bg22.o
                0x00000798                SystemMaxCoreClockGet
 .text.SystemHFXOClockGet
                0x000007a0        0xc ./gecko_sdk_4.1.1/platform/Device/SiliconLabs/EFR32BG22/Source/system_efr32bg22.o
                0x000007a0                SystemHFXOClockGet
 .text.SystemHFXOClockSet
                0x000007ac       0x20 ./gecko_sdk_4.1.1/platform/Device/SiliconLabs/EFR32BG22/Source/system_efr32bg22.o
                0x000007ac                SystemHFXOClockSet
 .text.SystemCLKIN0Get
                0x000007cc        0x4 ./gecko_sdk_4.1.1/platform/Device/SiliconLabs/EFR32BG22/Source/system_efr32bg22.o
                0x000007cc                SystemCLKIN0Get
 .text.SystemFSRCOClockGet
                0x000007d0        0x8 ./gecko_sdk_4.1.1/platform/Device/SiliconLabs/EFR32BG22/Source/system_efr32bg22.o
                0x000007d0                SystemFSRCOClockGet
 .text.SystemLFRCOClockGet
                0x000007d8        0x6 ./gecko_sdk_4.1.1/platform/Device/SiliconLabs/EFR32BG22/Source/system_efr32bg22.o
                0x000007d8                SystemLFRCOClockGet
 .text.SystemULFRCOClockGet
                0x000007de        0x6 ./gecko_sdk_4.1.1/platform/Device/SiliconLabs/EFR32BG22/Source/system_efr32bg22.o
                0x000007de                SystemULFRCOClockGet
 .text.SystemLFXOClockGet
                0x000007e4        0xc ./gecko_sdk_4.1.1/platform/Device/SiliconLabs/EFR32BG22/Source/system_efr32bg22.o
                0x000007e4                SystemLFXOClockGet
 .text.assertEFM
                0x000007f0        0x2 ./gecko_sdk_4.1.1/platform/common/src/sl_assert.o
                0x000007f0                assertEFM
 *fill*         0x000007f2        0x2 
 .text.EMU_VScaleGet
                0x000007f4       0x18 ./gecko_sdk_4.1.1/platform/emlib/src/em_cmu.o
 .text.em01GrpaClkGet
                0x0000080c       0x54 ./gecko_sdk_4.1.1/platform/emlib/src/em_cmu.o
 .text.iadcClkGet
                0x00000860       0x54 ./gecko_sdk_4.1.1/platform/emlib/src/em_cmu.o
 .text.em01GrpbClkGet
                0x000008b4       0x70 ./gecko_sdk_4.1.1/platform/emlib/src/em_cmu.o
 .text.em23GrpaClkGet
                0x00000924       0x54 ./gecko_sdk_4.1.1/platform/emlib/src/em_cmu.o
 .text.wdog0ClkGet
                0x00000978       0x60 ./gecko_sdk_4.1.1/platform/emlib/src/em_cmu.o
 .text.rtccClkGet
                0x000009d8       0x54 ./gecko_sdk_4.1.1/platform/emlib/src/em_cmu.o
 .text.em4GrpaClkGet
                0x00000a2c       0x54 ./gecko_sdk_4.1.1/platform/emlib/src/em_cmu.o
 .text.euart0ClkGet
                0x00000a80       0x48 ./gecko_sdk_4.1.1/platform/emlib/src/em_cmu.o
 .text.CMU_ClockDivGet
                0x00000ac8       0x84 ./gecko_sdk_4.1.1/platform/emlib/src/em_cmu.o
                0x00000ac8                CMU_ClockDivGet
 .text.flashWaitStateControl
                0x00000b4c       0x4c ./gecko_sdk_4.1.1/platform/emlib/src/em_cmu.o
 .text.waitStateMax
                0x00000b98       0x10 ./gecko_sdk_4.1.1/platform/emlib/src/em_cmu.o
 .text.CMU_ClockEnable
                0x00000ba8       0x54 ./gecko_sdk_4.1.1/platform/emlib/src/em_cmu.o
                0x00000ba8                CMU_ClockEnable
 .text.CMU_ClockFreqGet
                0x00000bfc      0x194 ./gecko_sdk_4.1.1/platform/emlib/src/em_cmu.o
                0x00000bfc                CMU_ClockFreqGet
 .text.rhclkPrescOptimize
                0x00000d90       0x20 ./gecko_sdk_4.1.1/platform/emlib/src/em_cmu.o
 .text.CMU_ClockSelectGet
                0x00000db0      0x168 ./gecko_sdk_4.1.1/platform/emlib/src/em_cmu.o
                0x00000db0                CMU_ClockSelectGet
 .text.CMU_HFXOInit
                0x00000f18      0x1e4 ./gecko_sdk_4.1.1/platform/emlib/src/em_cmu.o
                0x00000f18                CMU_HFXOInit
 .text.CMU_HFXOCTuneDeltaGet
                0x000010fc        0xc ./gecko_sdk_4.1.1/platform/emlib/src/em_cmu.o
                0x000010fc                CMU_HFXOCTuneDeltaGet
 .text.CMU_LFXOInit
                0x00001108       0xc4 ./gecko_sdk_4.1.1/platform/emlib/src/em_cmu.o
                0x00001108                CMU_LFXOInit
 .text.CMU_LFXOPrecisionSet
                0x000011cc        0xc ./gecko_sdk_4.1.1/platform/emlib/src/em_cmu.o
                0x000011cc                CMU_LFXOPrecisionSet
 .text.CMU_UpdateWaitStates
                0x000011d8        0xc ./gecko_sdk_4.1.1/platform/emlib/src/em_cmu.o
                0x000011d8                CMU_UpdateWaitStates
 .text.CMU_ClockDivSet
                0x000011e4      0x104 ./gecko_sdk_4.1.1/platform/emlib/src/em_cmu.o
                0x000011e4                CMU_ClockDivSet
 .text.pclkDivMax
                0x000012e8        0xa ./gecko_sdk_4.1.1/platform/emlib/src/em_cmu.o
 *fill*         0x000012f2        0x2 
 .text.pclkDivOptimize
                0x000012f4       0x24 ./gecko_sdk_4.1.1/platform/emlib/src/em_cmu.o
 .text.CMU_ClockSelectSet
                0x00001318      0x3b8 ./gecko_sdk_4.1.1/platform/emlib/src/em_cmu.o
                0x00001318                CMU_ClockSelectSet
 .text.CORE_EnterCritical
                0x000016d0        0x8 ./gecko_sdk_4.1.1/platform/emlib/src/em_core.o
                0x000016d0                CORE_EnterCritical
 .text.CORE_ExitCritical
                0x000016d8        0x6 ./gecko_sdk_4.1.1/platform/emlib/src/em_core.o
                0x000016d8                CORE_ExitCritical
 *fill*         0x000016de        0x2 
 .text.EMU_EM4Init
                0x000016e0       0x14 ./gecko_sdk_4.1.1/platform/emlib/src/em_emu.o
                0x000016e0                EMU_EM4Init
 .text.EMU_EFPEM01VScale
                0x000016f4        0x2 ./gecko_sdk_4.1.1/platform/emlib/src/em_emu.o
                0x000016f4                EMU_EFPEM01VScale
 *fill*         0x000016f6        0x2 
 .text.EMU_VScaleEM01
                0x000016f8       0xb0 ./gecko_sdk_4.1.1/platform/emlib/src/em_emu.o
                0x000016f8                EMU_VScaleEM01
 .text.EMU_VScaleEM01ByClock
                0x000017a8       0x30 ./gecko_sdk_4.1.1/platform/emlib/src/em_emu.o
                0x000017a8                EMU_VScaleEM01ByClock
 .text.EMU_DCDCUpdatedHook
                0x000017d8        0x2 ./gecko_sdk_4.1.1/platform/emlib/src/em_emu.o
                0x000017d8                EMU_DCDCUpdatedHook
 *fill*         0x000017da        0x2 
 .text.EMU_DCDCModeSet
                0x000017dc       0x78 ./gecko_sdk_4.1.1/platform/emlib/src/em_emu.o
                0x000017dc                EMU_DCDCModeSet
 .text.EMU_DCDCInit
                0x00001854       0x7c ./gecko_sdk_4.1.1/platform/emlib/src/em_emu.o
                0x00001854                EMU_DCDCInit
 .text.GPIO_PinOutSet
                0x000018d0       0x54 ./gecko_sdk_4.1.1/platform/emlib/src/em_gpio.o
 .text.GPIO_PinOutClear
                0x00001924       0x54 ./gecko_sdk_4.1.1/platform/emlib/src/em_gpio.o
 .text.BUS_RegMaskedWrite
                0x00001978       0x22 ./gecko_sdk_4.1.1/platform/emlib/src/em_gpio.o
 *fill*         0x0000199a        0x2 
 .text.GPIO_PinModeSet
                0x0000199c       0xa0 ./gecko_sdk_4.1.1/platform/emlib/src/em_gpio.o
                0x0000199c                GPIO_PinModeSet
 .text.TIMER_Valid
                0x00001a3c       0x34 ./gecko_sdk_4.1.1/platform/emlib/src/em_timer.o
 .text.timerPrsConfig
                0x00001a70       0x7c ./gecko_sdk_4.1.1/platform/emlib/src/em_timer.o
 .text.TIMER_SyncWait
                0x00001aec        0xe ./gecko_sdk_4.1.1/platform/emlib/src/em_timer.o
                0x00001aec                TIMER_SyncWait
 *fill*         0x00001afa        0x2 
 .text.TIMER_Init
                0x00001afc       0xb0 ./gecko_sdk_4.1.1/platform/emlib/src/em_timer.o
                0x00001afc                TIMER_Init
 .text.TIMER_InitCC
                0x00001bac       0xb4 ./gecko_sdk_4.1.1/platform/emlib/src/em_timer.o
                0x00001bac                TIMER_InitCC
 .text.USART_BaudrateSyncSet
                0x00001c60       0x48 ./gecko_sdk_4.1.1/platform/emlib/src/em_usart.o
                0x00001c60                USART_BaudrateSyncSet
 .text.USART_Reset
                0x00001ca8       0x78 ./gecko_sdk_4.1.1/platform/emlib/src/em_usart.o
                0x00001ca8                USART_Reset
 .text.USART_InitSync
                0x00001d20       0xdc ./gecko_sdk_4.1.1/platform/emlib/src/em_usart.o
                0x00001d20                USART_InitSync
 .text.USART_SpiTransfer
                0x00001dfc       0x14 ./gecko_sdk_4.1.1/platform/emlib/src/em_usart.o
                0x00001dfc                USART_SpiTransfer
 .text.sl_device_init_dcdc
                0x00001e10       0x20 ./gecko_sdk_4.1.1/platform/service/device_init/src/sl_device_init_dcdc_s2.o
                0x00001e10                sl_device_init_dcdc
 .text.sl_device_init_emu
                0x00001e30       0x24 ./gecko_sdk_4.1.1/platform/service/device_init/src/sl_device_init_emu_s2.o
                0x00001e30                sl_device_init_emu
 .text.sl_device_init_hfxo
                0x00001e54       0x6c ./gecko_sdk_4.1.1/platform/service/device_init/src/sl_device_init_hfxo_s2.o
                0x00001e54                sl_device_init_hfxo
 .text.sl_device_init_lfxo
                0x00001ec0       0x2c ./gecko_sdk_4.1.1/platform/service/device_init/src/sl_device_init_lfxo_s2.o
                0x00001ec0                sl_device_init_lfxo
 .text.sl_device_init_nvic
                0x00001eec       0x3c ./gecko_sdk_4.1.1/platform/service/device_init/src/sl_device_init_nvic.o
                0x00001eec                sl_device_init_nvic
 .text.sl_system_init
                0x00001f28       0x1a ./gecko_sdk_4.1.1/platform/service/system/src/sl_system_init.o
                0x00001f28                sl_system_init
 .text.sl_system_process_action
                0x00001f42       0x16 ./gecko_sdk_4.1.1/platform/service/system/src/sl_system_process_action.o
                0x00001f42                sl_system_process_action
 .text.sl_udelay_wait
                0x00001f58       0x58 ./gecko_sdk_4.1.1/platform/service/udelay/src/sl_udelay.o
                0x00001f58                sl_udelay_wait
 .text          0x00001fb0        0x8 ./gecko_sdk_4.1.1/platform/service/udelay/src/sl_udelay_armv6m_gcc.o
                0x00001fb0                sli_delay_loop
 .text.exit     0x00001fb8       0x28 c:/siliconlabs/simplicitystudio/v5/developer/toolchains/gnu_arm/10.3_2021.10/bin/../lib/gcc/arm-none-eabi/10.3.1/../../../../arm-none-eabi/lib/thumb/v8-m.main+fp/hard\libc_nano.a(lib_a-exit.o)
                0x00001fb8                exit
 .text.__libc_init_array
                0x00001fe0       0x48 c:/siliconlabs/simplicitystudio/v5/developer/toolchains/gnu_arm/10.3_2021.10/bin/../lib/gcc/arm-none-eabi/10.3.1/../../../../arm-none-eabi/lib/thumb/v8-m.main+fp/hard\libc_nano.a(lib_a-init.o)
                0x00001fe0                __libc_init_array
 .text.memset   0x00002028       0x10 c:/siliconlabs/simplicitystudio/v5/developer/toolchains/gnu_arm/10.3_2021.10/bin/../lib/gcc/arm-none-eabi/10.3.1/../../../../arm-none-eabi/lib/thumb/v8-m.main+fp/hard\libc_nano.a(lib_a-memset.o)
                0x00002028                memset
 .text._exit    0x00002038        0x4 c:/siliconlabs/simplicitystudio/v5/developer/toolchains/gnu_arm/10.3_2021.10/bin/../lib/gcc/arm-none-eabi/10.3.1/../../../../arm-none-eabi/lib/thumb/v8-m.main+fp/hard\libnosys.a(_exit.o)
                0x00002038                _exit
                0x0000203c                linker_code_end = .
 *(.init)
 .init          0x0000203c        0x4 c:/siliconlabs/simplicitystudio/v5/developer/toolchains/gnu_arm/10.3_2021.10/bin/../lib/gcc/arm-none-eabi/10.3.1/thumb/v8-m.main+fp/hard/crti.o
                0x0000203c                _init
 .init          0x00002040        0x8 c:/siliconlabs/simplicitystudio/v5/developer/toolchains/gnu_arm/10.3_2021.10/bin/../lib/gcc/arm-none-eabi/10.3.1/thumb/v8-m.main+fp/hard/crtn.o
 *(.fini)
 .fini          0x00002048        0x4 c:/siliconlabs/simplicitystudio/v5/developer/toolchains/gnu_arm/10.3_2021.10/bin/../lib/gcc/arm-none-eabi/10.3.1/thumb/v8-m.main+fp/hard/crti.o
                0x00002048                _fini
 .fini          0x0000204c        0x8 c:/siliconlabs/simplicitystudio/v5/developer/toolchains/gnu_arm/10.3_2021.10/bin/../lib/gcc/arm-none-eabi/10.3.1/thumb/v8-m.main+fp/hard/crtn.o
 *crtbegin.o(.ctors)
 *crtbegin?.o(.ctors)
 *(EXCLUDE_FILE(*crtend.o *crtend?.o) .ctors)
 *(SORT_BY_NAME(.ctors.*))
 *(.ctors)
 *crtbegin.o(.dtors)
 *crtbegin?.o(.dtors)
 *(EXCLUDE_FILE(*crtend.o *crtend?.o) .dtors)
 *(SORT_BY_NAME(.dtors.*))
 *(.dtors)
 *(.rodata*)
 .rodata._ZN4gpio6setPinEv.str1.1
                0x00002054       0x64 ./gpio.o
 .rodata.TIMER_TopSet.constprop.0.str1.1
                0x000020b8       0x65 ./timer.o
 .rodata.sl_board_enable_sensor.str1.1
                0x0000211d       0x3e ./gecko_sdk_4.1.1/hardware/board/src/sl_board_control_gpio.o
 *fill*         0x0000215b        0x1 
 .rodata        0x0000215c       0x1c ./gecko_sdk_4.1.1/hardware/driver/mx25_flash_shutdown/src/sl_mx25_flash_shutdown_usart/sl_mx25_flash_shutdown.o
 .rodata.HFRCODPLLDevinfoGet.str1.1
                0x00002178       0x2f ./gecko_sdk_4.1.1/platform/emlib/src/em_cmu.o
 .rodata.CSWTCH.64
                0x000021a7        0x4 ./gecko_sdk_4.1.1/platform/emlib/src/em_cmu.o
 .rodata.CSWTCH.66
                0x000021ab        0x6 ./gecko_sdk_4.1.1/platform/emlib/src/em_cmu.o
 .rodata.EMU_VScaleEM01.str1.1
                0x000021b1       0x2f ./gecko_sdk_4.1.1/platform/emlib/src/em_emu.o
 .rodata.GPIO_PinOutSet.str1.1
                0x000021e0       0x64 ./gecko_sdk_4.1.1/platform/emlib/src/em_gpio.o
 .rodata.GPIO_ExtIntConfig.str1.1
                0x000021e0       0x30 ./gecko_sdk_4.1.1/platform/emlib/src/em_gpio.o
 .rodata.timerPrsConfig.str1.1
                0x00002210       0x31 ./gecko_sdk_4.1.1/platform/emlib/src/em_timer.o
 .rodata.USART_BaudrateAsyncSet.str1.1
                0x00002241       0x31 ./gecko_sdk_4.1.1/platform/emlib/src/em_usart.o
 .rodata        0x00002272        0x8 ./gecko_sdk_4.1.1/platform/service/device_init/src/sl_device_init_dcdc_s2.o
 *fill*         0x0000227a        0x2 
 .rodata        0x0000227c       0x28 ./gecko_sdk_4.1.1/platform/service/device_init/src/sl_device_init_hfxo_s2.o
 .rodata        0x000022a4       0x14 ./gecko_sdk_4.1.1/platform/service/device_init/src/sl_device_init_lfxo_s2.o
 .rodata.sl_udelay_wait.str1.1
                0x000022b8       0x3b ./gecko_sdk_4.1.1/platform/service/udelay/src/sl_udelay.o
 *fill*         0x000022f3        0x1 
 .rodata._global_impure_ptr
                0x000022f4        0x4 c:/siliconlabs/simplicitystudio/v5/developer/toolchains/gnu_arm/10.3_2021.10/bin/../lib/gcc/arm-none-eabi/10.3.1/../../../../arm-none-eabi/lib/thumb/v8-m.main+fp/hard\libc_nano.a(lib_a-impure.o)
                0x000022f4                _global_impure_ptr
 *(.eh_frame*)
 .eh_frame      0x000022f8        0x0 c:/siliconlabs/simplicitystudio/v5/developer/toolchains/gnu_arm/10.3_2021.10/bin/../lib/gcc/arm-none-eabi/10.3.1/thumb/v8-m.main+fp/hard/crtbegin.o

.glue_7         0x000022f8        0x0
 .glue_7        0x000022f8        0x0 linker stubs

.glue_7t        0x000022f8        0x0
 .glue_7t       0x000022f8        0x0 linker stubs

.vfp11_veneer   0x000022f8        0x0
 .vfp11_veneer  0x000022f8        0x0 linker stubs

.v4_bx          0x000022f8        0x0
 .v4_bx         0x000022f8        0x0 linker stubs

.iplt           0x000022f8        0x0
 .iplt          0x000022f8        0x0 c:/siliconlabs/simplicitystudio/v5/developer/toolchains/gnu_arm/10.3_2021.10/bin/../lib/gcc/arm-none-eabi/10.3.1/thumb/v8-m.main+fp/hard/crtbegin.o

.ARM.extab
 *(.ARM.extab* .gnu.linkonce.armextab.*)
                0x000022f8                __exidx_start = .

.ARM.exidx      0x000022f8        0x8
 *(.ARM.exidx* .gnu.linkonce.armexidx.*)
 .ARM.exidx     0x000022f8        0x8 c:/siliconlabs/simplicitystudio/v5/developer/toolchains/gnu_arm/10.3_2021.10/bin/../lib/gcc/arm-none-eabi/10.3.1/../../../../arm-none-eabi/lib/thumb/v8-m.main+fp/hard/crt0.o
                                 0x10 (size before relaxing)
                0x00002300                __exidx_end = .

.rel.dyn        0x00002300        0x0
 .rel.iplt      0x00002300        0x0 c:/siliconlabs/simplicitystudio/v5/developer/toolchains/gnu_arm/10.3_2021.10/bin/../lib/gcc/arm-none-eabi/10.3.1/thumb/v8-m.main+fp/hard/crtbegin.o

.copy.table     0x00002300        0xc
                0x00002300                . = ALIGN (0x4)
                0x00002300                __copy_table_start__ = .
                0x00002300        0x4 LONG 0x230c __etext
                0x00002304        0x4 LONG 0x20001000 __data_start__
                0x00002308        0x4 LONG 0x1f ((__data_end__ - __data_start__) / 0x4)
                0x0000230c                __copy_table_end__ = .

.zero.table     0x0000230c        0x0
                0x0000230c                . = ALIGN (0x4)
                0x0000230c                __zero_table_start__ = .
                0x0000230c                __zero_table_end__ = .
                0x0000230c                __etext = .
                0x20000000                . = ORIGIN (RAM)

.stack          0x20000000     0x1000
                0x20000000                __StackLimit = .
 *(.stack*)
 .stack         0x20000000     0x1000 ./gecko_sdk_4.1.1/platform/common/toolchain/src/sl_memory.o
                0x20001000                . = ALIGN (0x4)
                0x20001000                __StackTop = .
                0x20001000                PROVIDE (__stack = __StackTop)

.noinit
 *(.noinit*)

.data           0x20001000       0x7c load address 0x0000230c
                0x20001000                . = ALIGN (0x4)
                0x20001000                __data_start__ = .
 *(vtable)
 *(.data*)
 .data.SystemCoreClock
                0x20001000        0x4 ./gecko_sdk_4.1.1/platform/Device/SiliconLabs/EFR32BG22/Source/system_efr32bg22.o
                0x20001000                SystemCoreClock
 .data.SystemHFRCODPLLClock
                0x20001004        0x4 ./gecko_sdk_4.1.1/platform/Device/SiliconLabs/EFR32BG22/Source/system_efr32bg22.o
 .data.SystemHFXOClock
                0x20001008        0x4 ./gecko_sdk_4.1.1/platform/Device/SiliconLabs/EFR32BG22/Source/system_efr32bg22.o
 .data.SystemLFXOClock
                0x2000100c        0x4 ./gecko_sdk_4.1.1/platform/Device/SiliconLabs/EFR32BG22/Source/system_efr32bg22.o
 .data.lfxo_precision
                0x20001010        0x2 ./gecko_sdk_4.1.1/platform/emlib/src/em_cmu.o
 *fill*         0x20001012        0x2 
 .data.impure_data
                0x20001014       0x60 c:/siliconlabs/simplicitystudio/v5/developer/toolchains/gnu_arm/10.3_2021.10/bin/../lib/gcc/arm-none-eabi/10.3.1/../../../../arm-none-eabi/lib/thumb/v8-m.main+fp/hard\libc_nano.a(lib_a-impure.o)
                0x20001074                . = ALIGN (0x4)
                [!provide]                PROVIDE (__ram_func_section_start = .)
 *(.ram)
                [!provide]                PROVIDE (__ram_func_section_end = .)
                0x20001074                . = ALIGN (0x4)
                0x20001074                PROVIDE (__preinit_array_start = .)
 *(.preinit_array)
                0x20001074                PROVIDE (__preinit_array_end = .)
                0x20001074                . = ALIGN (0x4)
                0x20001074                PROVIDE (__init_array_start = .)
 *(SORT_BY_NAME(.init_array.*))
 *(.init_array)
 .init_array    0x20001074        0x4 c:/siliconlabs/simplicitystudio/v5/developer/toolchains/gnu_arm/10.3_2021.10/bin/../lib/gcc/arm-none-eabi/10.3.1/thumb/v8-m.main+fp/hard/crtbegin.o
                0x20001078                PROVIDE (__init_array_end = .)
                0x20001078                . = ALIGN (0x4)
                [!provide]                PROVIDE (__fini_array_start = .)
 *(SORT_BY_NAME(.fini_array.*))
 *(.fini_array)
 .fini_array    0x20001078        0x4 c:/siliconlabs/simplicitystudio/v5/developer/toolchains/gnu_arm/10.3_2021.10/bin/../lib/gcc/arm-none-eabi/10.3.1/thumb/v8-m.main+fp/hard/crtbegin.o
                [!provide]                PROVIDE (__fini_array_end = .)
                0x2000107c                . = ALIGN (0x4)
                0x2000107c                __data_end__ = .

.igot.plt       0x2000107c        0x0 load address 0x00002388
 .igot.plt      0x2000107c        0x0 c:/siliconlabs/simplicitystudio/v5/developer/toolchains/gnu_arm/10.3_2021.10/bin/../lib/gcc/arm-none-eabi/10.3.1/thumb/v8-m.main+fp/hard/crtbegin.o

.bss            0x2000107c       0x20 load address 0x00002388
                0x2000107c                . = ALIGN (0x4)
                0x2000107c                __bss_start__ = .
 *(.bss*)
 .bss           0x2000107c       0x1c c:/siliconlabs/simplicitystudio/v5/developer/toolchains/gnu_arm/10.3_2021.10/bin/../lib/gcc/arm-none-eabi/10.3.1/thumb/v8-m.main+fp/hard/crtbegin.o
 .bss.timeroverflowed
                0x20001098        0x1 ./timer.o
                0x20001098                timeroverflowed
 .bss.ctuneDelta
                0x20001099        0x1 ./gecko_sdk_4.1.1/platform/emlib/src/em_cmu.o
 .bss.vScaleEM01Config
                0x2000109a        0x1 ./gecko_sdk_4.1.1/platform/emlib/src/em_emu.o
 *(COMMON)
                0x2000109c                . = ALIGN (0x4)
 *fill*         0x2000109b        0x1 
                0x2000109c                __bss_end__ = .

.heap           0x200010a0     0x6f60
                0x200010a0                __HeapBase = .
                0x200010a0                __end__ = .
                0x200010a0                end = __end__
                0x200010a0                _end = __end__
 *(.heap*)
 .heap          0x200010a0      0x800 ./gecko_sdk_4.1.1/platform/common/toolchain/src/sl_memory.o
                0x20008000                . = (ORIGIN (RAM) + LENGTH (RAM))
 *fill*         0x200018a0     0x6760 
                0x20008000                __HeapLimit = .
                0x00006f60                __heap_size = (__HeapLimit - __HeapBase)
                0x0007e000                __main_flash_end__ = 0x7e000

.internal_storage
                0x0000230c        0x0
 *(.internal_storage*)

.nvm            0x0000230c        0x0
 *(.simee*)
                0x0007e000                linker_nvm_end = __main_flash_end__
                0x0007e000                linker_nvm_begin = (linker_nvm_end - SIZEOF (.nvm))
                0x00000000                linker_nvm_size = SIZEOF (.nvm)
                0x0007e000                linker_storage_end = linker_nvm_begin
                0x0007e000                __nvm3Base = linker_nvm_begin
                0x0007e000                linker_storage_begin = (linker_storage_end - SIZEOF (.internal_storage))
                0x00000000                linker_storage_size = SIZEOF (.internal_storage)
                0x00000001                ASSERT ((linker_storage_begin >= (__etext + SIZEOF (.data))), FLASH memory overflowed !)
OUTPUT(empty_cpp.axf elf32-littlearm)
LOAD linker stubs

.ARM.attributes
                0x00000000       0x36
 .ARM.attributes
                0x00000000       0x22 c:/siliconlabs/simplicitystudio/v5/developer/toolchains/gnu_arm/10.3_2021.10/bin/../lib/gcc/arm-none-eabi/10.3.1/thumb/v8-m.main+fp/hard/crti.o
 .ARM.attributes
                0x00000022       0x38 c:/siliconlabs/simplicitystudio/v5/developer/toolchains/gnu_arm/10.3_2021.10/bin/../lib/gcc/arm-none-eabi/10.3.1/thumb/v8-m.main+fp/hard/crtbegin.o
 .ARM.attributes
                0x0000005a       0x20 c:/siliconlabs/simplicitystudio/v5/developer/toolchains/gnu_arm/10.3_2021.10/bin/../lib/gcc/arm-none-eabi/10.3.1/../../../../arm-none-eabi/lib/thumb/v8-m.main+fp/hard/crt0.o
 .ARM.attributes
                0x0000007a       0x3a ./app.o
 .ARM.attributes
                0x000000b4       0x3a ./gpio.o
 .ARM.attributes
                0x000000ee       0x3a ./main.o
 .ARM.attributes
                0x00000128       0x3a ./timer.o
 .ARM.attributes
                0x00000162       0x3a ./autogen/sl_board_default_init.o
 .ARM.attributes
                0x0000019c       0x3a ./autogen/sl_device_init_clocks.o
 .ARM.attributes
                0x000001d6       0x3a ./autogen/sl_event_handler.o
 .ARM.attributes
                0x00000210       0x3a ./gecko_sdk_4.1.1/hardware/board/src/sl_board_control_gpio.o
 .ARM.attributes
                0x0000024a       0x3a ./gecko_sdk_4.1.1/hardware/board/src/sl_board_init.o
 .ARM.attributes
                0x00000284       0x3a ./gecko_sdk_4.1.1/hardware/driver/mx25_flash_shutdown/src/sl_mx25_flash_shutdown_usart/sl_mx25_flash_shutdown.o
 .ARM.attributes
                0x000002be       0x3a ./gecko_sdk_4.1.1/platform/Device/SiliconLabs/EFR32BG22/Source/startup_efr32bg22.o
 .ARM.attributes
                0x000002f8       0x3a ./gecko_sdk_4.1.1/platform/Device/SiliconLabs/EFR32BG22/Source/system_efr32bg22.o
 .ARM.attributes
                0x00000332       0x3a ./gecko_sdk_4.1.1/platform/common/src/sl_assert.o
 .ARM.attributes
                0x0000036c       0x3a ./gecko_sdk_4.1.1/platform/common/toolchain/src/sl_memory.o
 .ARM.attributes
                0x000003a6       0x3a ./gecko_sdk_4.1.1/platform/emlib/src/em_cmu.o
 .ARM.attributes
                0x000003e0       0x3a ./gecko_sdk_4.1.1/platform/emlib/src/em_core.o
 .ARM.attributes
                0x0000041a       0x3a ./gecko_sdk_4.1.1/platform/emlib/src/em_emu.o
 .ARM.attributes
                0x00000454       0x3a ./gecko_sdk_4.1.1/platform/emlib/src/em_gpio.o
 .ARM.attributes
                0x0000048e       0x3a ./gecko_sdk_4.1.1/platform/emlib/src/em_timer.o
 .ARM.attributes
                0x000004c8       0x3a ./gecko_sdk_4.1.1/platform/emlib/src/em_usart.o
 .ARM.attributes
                0x00000502       0x3a ./gecko_sdk_4.1.1/platform/service/device_init/src/sl_device_init_dcdc_s2.o
 .ARM.attributes
                0x0000053c       0x3a ./gecko_sdk_4.1.1/platform/service/device_init/src/sl_device_init_emu_s2.o
 .ARM.attributes
                0x00000576       0x3a ./gecko_sdk_4.1.1/platform/service/device_init/src/sl_device_init_hfxo_s2.o
 .ARM.attributes
                0x000005b0       0x3a ./gecko_sdk_4.1.1/platform/service/device_init/src/sl_device_init_lfxo_s2.o
 .ARM.attributes
                0x000005ea       0x3a ./gecko_sdk_4.1.1/platform/service/device_init/src/sl_device_init_nvic.o
 .ARM.attributes
                0x00000624       0x3a ./gecko_sdk_4.1.1/platform/service/system/src/sl_system_init.o
 .ARM.attributes
                0x0000065e       0x3a ./gecko_sdk_4.1.1/platform/service/system/src/sl_system_process_action.o
 .ARM.attributes
                0x00000698       0x3a ./gecko_sdk_4.1.1/platform/service/udelay/src/sl_udelay.o
 .ARM.attributes
                0x000006d2       0x26 ./gecko_sdk_4.1.1/platform/service/udelay/src/sl_udelay_armv6m_gcc.o
 .ARM.attributes
                0x000006f8       0x38 c:/siliconlabs/simplicitystudio/v5/developer/toolchains/gnu_arm/10.3_2021.10/bin/../lib/gcc/arm-none-eabi/10.3.1/../../../../arm-none-eabi/lib/thumb/v8-m.main+fp/hard\libc_nano.a(lib_a-exit.o)
 .ARM.attributes
                0x00000730       0x38 c:/siliconlabs/simplicitystudio/v5/developer/toolchains/gnu_arm/10.3_2021.10/bin/../lib/gcc/arm-none-eabi/10.3.1/../../../../arm-none-eabi/lib/thumb/v8-m.main+fp/hard\libc_nano.a(lib_a-impure.o)
 .ARM.attributes
                0x00000768       0x38 c:/siliconlabs/simplicitystudio/v5/developer/toolchains/gnu_arm/10.3_2021.10/bin/../lib/gcc/arm-none-eabi/10.3.1/../../../../arm-none-eabi/lib/thumb/v8-m.main+fp/hard\libc_nano.a(lib_a-init.o)
 .ARM.attributes
                0x000007a0       0x38 c:/siliconlabs/simplicitystudio/v5/developer/toolchains/gnu_arm/10.3_2021.10/bin/../lib/gcc/arm-none-eabi/10.3.1/../../../../arm-none-eabi/lib/thumb/v8-m.main+fp/hard\libc_nano.a(lib_a-memset.o)
 .ARM.attributes
                0x000007d8       0x38 c:/siliconlabs/simplicitystudio/v5/developer/toolchains/gnu_arm/10.3_2021.10/bin/../lib/gcc/arm-none-eabi/10.3.1/../../../../arm-none-eabi/lib/thumb/v8-m.main+fp/hard\libnosys.a(_exit.o)
 .ARM.attributes
                0x00000810       0x22 c:/siliconlabs/simplicitystudio/v5/developer/toolchains/gnu_arm/10.3_2021.10/bin/../lib/gcc/arm-none-eabi/10.3.1/thumb/v8-m.main+fp/hard/crtn.o

.comment        0x00000000       0x49
 .comment       0x00000000       0x49 ./app.o
                                 0x4a (size before relaxing)
 .comment       0x00000049       0x4a ./gpio.o
 .comment       0x00000049       0x4a ./main.o
 .comment       0x00000049       0x4a ./timer.o
 .comment       0x00000049       0x4a ./autogen/sl_board_default_init.o
 .comment       0x00000049       0x4a ./autogen/sl_device_init_clocks.o
 .comment       0x00000049       0x4a ./autogen/sl_event_handler.o
 .comment       0x00000049       0x4a ./gecko_sdk_4.1.1/hardware/board/src/sl_board_control_gpio.o
 .comment       0x00000049       0x4a ./gecko_sdk_4.1.1/hardware/board/src/sl_board_init.o
 .comment       0x00000049       0x4a ./gecko_sdk_4.1.1/hardware/driver/mx25_flash_shutdown/src/sl_mx25_flash_shutdown_usart/sl_mx25_flash_shutdown.o
 .comment       0x00000049       0x4a ./gecko_sdk_4.1.1/platform/Device/SiliconLabs/EFR32BG22/Source/startup_efr32bg22.o
 .comment       0x00000049       0x4a ./gecko_sdk_4.1.1/platform/Device/SiliconLabs/EFR32BG22/Source/system_efr32bg22.o
 .comment       0x00000049       0x4a ./gecko_sdk_4.1.1/platform/common/src/sl_assert.o
 .comment       0x00000049       0x4a ./gecko_sdk_4.1.1/platform/common/toolchain/src/sl_memory.o
 .comment       0x00000049       0x4a ./gecko_sdk_4.1.1/platform/emlib/src/em_cmu.o
 .comment       0x00000049       0x4a ./gecko_sdk_4.1.1/platform/emlib/src/em_core.o
 .comment       0x00000049       0x4a ./gecko_sdk_4.1.1/platform/emlib/src/em_emu.o
 .comment       0x00000049       0x4a ./gecko_sdk_4.1.1/platform/emlib/src/em_gpio.o
 .comment       0x00000049       0x4a ./gecko_sdk_4.1.1/platform/emlib/src/em_timer.o
 .comment       0x00000049       0x4a ./gecko_sdk_4.1.1/platform/emlib/src/em_usart.o
 .comment       0x00000049       0x4a ./gecko_sdk_4.1.1/platform/service/device_init/src/sl_device_init_dcdc_s2.o
 .comment       0x00000049       0x4a ./gecko_sdk_4.1.1/platform/service/device_init/src/sl_device_init_emu_s2.o
 .comment       0x00000049       0x4a ./gecko_sdk_4.1.1/platform/service/device_init/src/sl_device_init_hfxo_s2.o
 .comment       0x00000049       0x4a ./gecko_sdk_4.1.1/platform/service/device_init/src/sl_device_init_lfxo_s2.o
 .comment       0x00000049       0x4a ./gecko_sdk_4.1.1/platform/service/device_init/src/sl_device_init_nvic.o
 .comment       0x00000049       0x4a ./gecko_sdk_4.1.1/platform/service/system/src/sl_system_init.o
 .comment       0x00000049       0x4a ./gecko_sdk_4.1.1/platform/service/system/src/sl_system_process_action.o
 .comment       0x00000049       0x4a ./gecko_sdk_4.1.1/platform/service/udelay/src/sl_udelay.o

.debug_info     0x00000000    0x20b4b
 .debug_info    0x00000000      0x9fc ./app.o
 .debug_info    0x000009fc     0x16e8 ./gpio.o
 .debug_info    0x000020e4       0xef ./main.o
 .debug_info    0x000021d3     0x1837 ./timer.o
 .debug_info    0x00003a0a      0x113 ./autogen/sl_board_default_init.o
 .debug_info    0x00003b1d      0x390 ./autogen/sl_device_init_clocks.o
 .debug_info    0x00003ead     0x124b ./autogen/sl_event_handler.o
 .debug_info    0x000050f8      0x47c ./gecko_sdk_4.1.1/hardware/board/src/sl_board_control_gpio.o
 .debug_info    0x00005574      0x299 ./gecko_sdk_4.1.1/hardware/board/src/sl_board_init.o
 .debug_info    0x0000580d     0x201e ./gecko_sdk_4.1.1/hardware/driver/mx25_flash_shutdown/src/sl_mx25_flash_shutdown_usart/sl_mx25_flash_shutdown.o
 .debug_info    0x0000782b      0x32b ./gecko_sdk_4.1.1/platform/Device/SiliconLabs/EFR32BG22/Source/startup_efr32bg22.o
 .debug_info    0x00007b56     0x1fc4 ./gecko_sdk_4.1.1/platform/Device/SiliconLabs/EFR32BG22/Source/system_efr32bg22.o
 .debug_info    0x00009b1a       0x8a ./gecko_sdk_4.1.1/platform/common/src/sl_assert.o
 .debug_info    0x00009ba4      0x209 ./gecko_sdk_4.1.1/platform/common/toolchain/src/sl_memory.o
 .debug_info    0x00009dad     0x7295 ./gecko_sdk_4.1.1/platform/emlib/src/em_cmu.o
 .debug_info    0x00011042     0x13a0 ./gecko_sdk_4.1.1/platform/emlib/src/em_core.o
 .debug_info    0x000123e2     0x39e7 ./gecko_sdk_4.1.1/platform/emlib/src/em_emu.o
 .debug_info    0x00015dc9     0x2189 ./gecko_sdk_4.1.1/platform/emlib/src/em_gpio.o
 .debug_info    0x00017f52     0x2995 ./gecko_sdk_4.1.1/platform/emlib/src/em_timer.o
 .debug_info    0x0001a8e7     0x4039 ./gecko_sdk_4.1.1/platform/emlib/src/em_usart.o
 .debug_info    0x0001e920      0x2ad ./gecko_sdk_4.1.1/platform/service/device_init/src/sl_device_init_dcdc_s2.o
 .debug_info    0x0001ebcd      0x9ab ./gecko_sdk_4.1.1/platform/service/device_init/src/sl_device_init_emu_s2.o
 .debug_info    0x0001f578      0x844 ./gecko_sdk_4.1.1/platform/service/device_init/src/sl_device_init_hfxo_s2.o
 .debug_info    0x0001fdbc      0x275 ./gecko_sdk_4.1.1/platform/service/device_init/src/sl_device_init_lfxo_s2.o
 .debug_info    0x00020031      0x80b ./gecko_sdk_4.1.1/platform/service/device_init/src/sl_device_init_nvic.o
 .debug_info    0x0002083c       0xbe ./gecko_sdk_4.1.1/platform/service/system/src/sl_system_init.o
 .debug_info    0x000208fa       0xa7 ./gecko_sdk_4.1.1/platform/service/system/src/sl_system_process_action.o
 .debug_info    0x000209a1      0x184 ./gecko_sdk_4.1.1/platform/service/udelay/src/sl_udelay.o
 .debug_info    0x00020b25       0x26 ./gecko_sdk_4.1.1/platform/service/udelay/src/sl_udelay_armv6m_gcc.o

.debug_abbrev   0x00000000     0x35c4
 .debug_abbrev  0x00000000      0x1df ./app.o
 .debug_abbrev  0x000001df      0x2c3 ./gpio.o
 .debug_abbrev  0x000004a2       0x6a ./main.o
 .debug_abbrev  0x0000050c      0x3cd ./timer.o
 .debug_abbrev  0x000008d9       0xa4 ./autogen/sl_board_default_init.o
 .debug_abbrev  0x0000097d       0xca ./autogen/sl_device_init_clocks.o
 .debug_abbrev  0x00000a47      0x1bb ./autogen/sl_event_handler.o
 .debug_abbrev  0x00000c02      0x1c5 ./gecko_sdk_4.1.1/hardware/board/src/sl_board_control_gpio.o
 .debug_abbrev  0x00000dc7       0xf6 ./gecko_sdk_4.1.1/hardware/board/src/sl_board_init.o
 .debug_abbrev  0x00000ebd      0x201 ./gecko_sdk_4.1.1/hardware/driver/mx25_flash_shutdown/src/sl_mx25_flash_shutdown_usart/sl_mx25_flash_shutdown.o
 .debug_abbrev  0x000010be      0x1cc ./gecko_sdk_4.1.1/platform/Device/SiliconLabs/EFR32BG22/Source/startup_efr32bg22.o
 .debug_abbrev  0x0000128a      0x328 ./gecko_sdk_4.1.1/platform/Device/SiliconLabs/EFR32BG22/Source/system_efr32bg22.o
 .debug_abbrev  0x000015b2       0x6f ./gecko_sdk_4.1.1/platform/common/src/sl_assert.o
 .debug_abbrev  0x00001621      0x121 ./gecko_sdk_4.1.1/platform/common/toolchain/src/sl_memory.o
 .debug_abbrev  0x00001742      0x53b ./gecko_sdk_4.1.1/platform/emlib/src/em_cmu.o
 .debug_abbrev  0x00001c7d      0x31b ./gecko_sdk_4.1.1/platform/emlib/src/em_core.o
 .debug_abbrev  0x00001f98      0x4e5 ./gecko_sdk_4.1.1/platform/emlib/src/em_emu.o
 .debug_abbrev  0x0000247d      0x32b ./gecko_sdk_4.1.1/platform/emlib/src/em_gpio.o
 .debug_abbrev  0x000027a8      0x34a ./gecko_sdk_4.1.1/platform/emlib/src/em_timer.o
 .debug_abbrev  0x00002af2      0x339 ./gecko_sdk_4.1.1/platform/emlib/src/em_usart.o
 .debug_abbrev  0x00002e2b       0xe3 ./gecko_sdk_4.1.1/platform/service/device_init/src/sl_device_init_dcdc_s2.o
 .debug_abbrev  0x00002f0e      0x13d ./gecko_sdk_4.1.1/platform/service/device_init/src/sl_device_init_emu_s2.o
 .debug_abbrev  0x0000304b      0x174 ./gecko_sdk_4.1.1/platform/service/device_init/src/sl_device_init_hfxo_s2.o
 .debug_abbrev  0x000031bf       0xf2 ./gecko_sdk_4.1.1/platform/service/device_init/src/sl_device_init_lfxo_s2.o
 .debug_abbrev  0x000032b1      0x147 ./gecko_sdk_4.1.1/platform/service/device_init/src/sl_device_init_nvic.o
 .debug_abbrev  0x000033f8       0x62 ./gecko_sdk_4.1.1/platform/service/system/src/sl_system_init.o
 .debug_abbrev  0x0000345a       0x62 ./gecko_sdk_4.1.1/platform/service/system/src/sl_system_process_action.o
 .debug_abbrev  0x000034bc       0xf4 ./gecko_sdk_4.1.1/platform/service/udelay/src/sl_udelay.o
 .debug_abbrev  0x000035b0       0x14 ./gecko_sdk_4.1.1/platform/service/udelay/src/sl_udelay_armv6m_gcc.o

.debug_loc      0x00000000     0x6ec8
 .debug_loc     0x00000000       0x2d ./app.o
 .debug_loc     0x0000002d      0x3cf ./gpio.o
 .debug_loc     0x000003fc       0x20 ./main.o
 .debug_loc     0x0000041c      0x2fc ./timer.o
 .debug_loc     0x00000718       0x2c ./autogen/sl_board_default_init.o
 .debug_loc     0x00000744       0x20 ./autogen/sl_device_init_clocks.o
 .debug_loc     0x00000764       0x49 ./autogen/sl_event_handler.o
 .debug_loc     0x000007ad      0x2ba ./gecko_sdk_4.1.1/hardware/board/src/sl_board_control_gpio.o
 .debug_loc     0x00000a67       0x2c ./gecko_sdk_4.1.1/hardware/board/src/sl_board_init.o
 .debug_loc     0x00000a93       0x90 ./gecko_sdk_4.1.1/hardware/driver/mx25_flash_shutdown/src/sl_mx25_flash_shutdown_usart/sl_mx25_flash_shutdown.o
 .debug_loc     0x00000b23       0x8e ./gecko_sdk_4.1.1/platform/Device/SiliconLabs/EFR32BG22/Source/startup_efr32bg22.o
 .debug_loc     0x00000bb1      0x111 ./gecko_sdk_4.1.1/platform/Device/SiliconLabs/EFR32BG22/Source/system_efr32bg22.o
 .debug_loc     0x00000cc2       0x2a ./gecko_sdk_4.1.1/platform/common/src/sl_assert.o
 .debug_loc     0x00000cec       0x9c ./gecko_sdk_4.1.1/platform/common/toolchain/src/sl_memory.o
 .debug_loc     0x00000d88     0x31a2 ./gecko_sdk_4.1.1/platform/emlib/src/em_cmu.o
 .debug_loc     0x00003f2a      0x8d6 ./gecko_sdk_4.1.1/platform/emlib/src/em_core.o
 .debug_loc     0x00004800      0x79e ./gecko_sdk_4.1.1/platform/emlib/src/em_emu.o
 .debug_loc     0x00004f9e      0xb55 ./gecko_sdk_4.1.1/platform/emlib/src/em_gpio.o
 .debug_loc     0x00005af3      0x601 ./gecko_sdk_4.1.1/platform/emlib/src/em_timer.o
 .debug_loc     0x000060f4      0xa2e ./gecko_sdk_4.1.1/platform/emlib/src/em_usart.o
 .debug_loc     0x00006b22       0x2c ./gecko_sdk_4.1.1/platform/service/device_init/src/sl_device_init_dcdc_s2.o
 .debug_loc     0x00006b4e       0x2c ./gecko_sdk_4.1.1/platform/service/device_init/src/sl_device_init_emu_s2.o
 .debug_loc     0x00006b7a       0xba ./gecko_sdk_4.1.1/platform/service/device_init/src/sl_device_init_hfxo_s2.o
 .debug_loc     0x00006c34       0x38 ./gecko_sdk_4.1.1/platform/service/device_init/src/sl_device_init_lfxo_s2.o
 .debug_loc     0x00006c6c       0x6f ./gecko_sdk_4.1.1/platform/service/device_init/src/sl_device_init_nvic.o
 .debug_loc     0x00006cdb       0x2c ./gecko_sdk_4.1.1/platform/service/system/src/sl_system_init.o
 .debug_loc     0x00006d07       0x2c ./gecko_sdk_4.1.1/platform/service/system/src/sl_system_process_action.o
 .debug_loc     0x00006d33      0x195 ./gecko_sdk_4.1.1/platform/service/udelay/src/sl_udelay.o

.debug_aranges  0x00000000      0x8e8
 .debug_aranges
                0x00000000       0x28 ./app.o
 .debug_aranges
                0x00000028       0x40 ./gpio.o
 .debug_aranges
                0x00000068       0x20 ./main.o
 .debug_aranges
                0x00000088       0x80 ./timer.o
 .debug_aranges
                0x00000108       0x20 ./autogen/sl_board_default_init.o
 .debug_aranges
                0x00000128       0x20 ./autogen/sl_device_init_clocks.o
 .debug_aranges
                0x00000148       0x30 ./autogen/sl_event_handler.o
 .debug_aranges
                0x00000178       0x58 ./gecko_sdk_4.1.1/hardware/board/src/sl_board_control_gpio.o
 .debug_aranges
                0x000001d0       0x28 ./gecko_sdk_4.1.1/hardware/board/src/sl_board_init.o
 .debug_aranges
                0x000001f8       0x30 ./gecko_sdk_4.1.1/hardware/driver/mx25_flash_shutdown/src/sl_mx25_flash_shutdown_usart/sl_mx25_flash_shutdown.o
 .debug_aranges
                0x00000228       0x28 ./gecko_sdk_4.1.1/platform/Device/SiliconLabs/EFR32BG22/Source/startup_efr32bg22.o
 .debug_aranges
                0x00000250       0x88 ./gecko_sdk_4.1.1/platform/Device/SiliconLabs/EFR32BG22/Source/system_efr32bg22.o
 .debug_aranges
                0x000002d8       0x20 ./gecko_sdk_4.1.1/platform/common/src/sl_assert.o
 .debug_aranges
                0x000002f8       0x30 ./gecko_sdk_4.1.1/platform/common/toolchain/src/sl_memory.o
 .debug_aranges
                0x00000328      0x150 ./gecko_sdk_4.1.1/platform/emlib/src/em_cmu.o
 .debug_aranges
                0x00000478       0xe8 ./gecko_sdk_4.1.1/platform/emlib/src/em_core.o
 .debug_aranges
                0x00000560       0xf8 ./gecko_sdk_4.1.1/platform/emlib/src/em_emu.o
 .debug_aranges
                0x00000658       0x68 ./gecko_sdk_4.1.1/platform/emlib/src/em_gpio.o
 .debug_aranges
                0x000006c0       0x50 ./gecko_sdk_4.1.1/platform/emlib/src/em_timer.o
 .debug_aranges
                0x00000710       0xb8 ./gecko_sdk_4.1.1/platform/emlib/src/em_usart.o
 .debug_aranges
                0x000007c8       0x20 ./gecko_sdk_4.1.1/platform/service/device_init/src/sl_device_init_dcdc_s2.o
 .debug_aranges
                0x000007e8       0x20 ./gecko_sdk_4.1.1/platform/service/device_init/src/sl_device_init_emu_s2.o
 .debug_aranges
                0x00000808       0x20 ./gecko_sdk_4.1.1/platform/service/device_init/src/sl_device_init_hfxo_s2.o
 .debug_aranges
                0x00000828       0x20 ./gecko_sdk_4.1.1/platform/service/device_init/src/sl_device_init_lfxo_s2.o
 .debug_aranges
                0x00000848       0x20 ./gecko_sdk_4.1.1/platform/service/device_init/src/sl_device_init_nvic.o
 .debug_aranges
                0x00000868       0x20 ./gecko_sdk_4.1.1/platform/service/system/src/sl_system_init.o
 .debug_aranges
                0x00000888       0x20 ./gecko_sdk_4.1.1/platform/service/system/src/sl_system_process_action.o
 .debug_aranges
                0x000008a8       0x20 ./gecko_sdk_4.1.1/platform/service/udelay/src/sl_udelay.o
 .debug_aranges
                0x000008c8       0x20 ./gecko_sdk_4.1.1/platform/service/udelay/src/sl_udelay_armv6m_gcc.o

.debug_ranges   0x00000000      0xd58
 .debug_ranges  0x00000000       0x18 ./app.o
 .debug_ranges  0x00000018       0xc8 ./gpio.o
 .debug_ranges  0x000000e0       0x10 ./main.o
 .debug_ranges  0x000000f0       0xe8 ./timer.o
 .debug_ranges  0x000001d8       0x10 ./autogen/sl_board_default_init.o
 .debug_ranges  0x000001e8       0x10 ./autogen/sl_device_init_clocks.o
 .debug_ranges  0x000001f8       0x50 ./autogen/sl_event_handler.o
 .debug_ranges  0x00000248       0x48 ./gecko_sdk_4.1.1/hardware/board/src/sl_board_control_gpio.o
 .debug_ranges  0x00000290       0x18 ./gecko_sdk_4.1.1/hardware/board/src/sl_board_init.o
 .debug_ranges  0x000002a8       0x20 ./gecko_sdk_4.1.1/hardware/driver/mx25_flash_shutdown/src/sl_mx25_flash_shutdown_usart/sl_mx25_flash_shutdown.o
 .debug_ranges  0x000002c8       0x80 ./gecko_sdk_4.1.1/platform/Device/SiliconLabs/EFR32BG22/Source/startup_efr32bg22.o
 .debug_ranges  0x00000348       0x90 ./gecko_sdk_4.1.1/platform/Device/SiliconLabs/EFR32BG22/Source/system_efr32bg22.o
 .debug_ranges  0x000003d8       0x10 ./gecko_sdk_4.1.1/platform/common/src/sl_assert.o
 .debug_ranges  0x000003e8       0x20 ./gecko_sdk_4.1.1/platform/common/toolchain/src/sl_memory.o
 .debug_ranges  0x00000408      0x288 ./gecko_sdk_4.1.1/platform/emlib/src/em_cmu.o
 .debug_ranges  0x00000690      0x1a0 ./gecko_sdk_4.1.1/platform/emlib/src/em_core.o
 .debug_ranges  0x00000830      0x270 ./gecko_sdk_4.1.1/platform/emlib/src/em_emu.o
 .debug_ranges  0x00000aa0       0x70 ./gecko_sdk_4.1.1/platform/emlib/src/em_gpio.o
 .debug_ranges  0x00000b10       0x60 ./gecko_sdk_4.1.1/platform/emlib/src/em_timer.o
 .debug_ranges  0x00000b70      0x108 ./gecko_sdk_4.1.1/platform/emlib/src/em_usart.o
 .debug_ranges  0x00000c78       0x10 ./gecko_sdk_4.1.1/platform/service/device_init/src/sl_device_init_dcdc_s2.o
 .debug_ranges  0x00000c88       0x10 ./gecko_sdk_4.1.1/platform/service/device_init/src/sl_device_init_emu_s2.o
 .debug_ranges  0x00000c98       0x10 ./gecko_sdk_4.1.1/platform/service/device_init/src/sl_device_init_hfxo_s2.o
 .debug_ranges  0x00000ca8       0x10 ./gecko_sdk_4.1.1/platform/service/device_init/src/sl_device_init_lfxo_s2.o
 .debug_ranges  0x00000cb8       0x58 ./gecko_sdk_4.1.1/platform/service/device_init/src/sl_device_init_nvic.o
 .debug_ranges  0x00000d10       0x10 ./gecko_sdk_4.1.1/platform/service/system/src/sl_system_init.o
 .debug_ranges  0x00000d20       0x10 ./gecko_sdk_4.1.1/platform/service/system/src/sl_system_process_action.o
 .debug_ranges  0x00000d30       0x28 ./gecko_sdk_4.1.1/platform/service/udelay/src/sl_udelay.o

.debug_macro    0x00000000    0x284fe
 .debug_macro   0x00000000      0x31c ./app.o
 .debug_macro   0x0000031c      0xb3e ./app.o
 .debug_macro   0x00000e5a       0x10 ./app.o
 .debug_macro   0x00000e6a      0x773 ./app.o
 .debug_macro   0x000015dd       0x1c ./app.o
 .debug_macro   0x000015f9       0x22 ./app.o
 .debug_macro   0x0000161b       0x56 ./app.o
 .debug_macro   0x00001671       0x51 ./app.o
 .debug_macro   0x000016c2      0x103 ./app.o
 .debug_macro   0x000017c5       0x6a ./app.o
 .debug_macro   0x0000182f      0x1df ./app.o
 .debug_macro   0x00001a0e       0x1c ./app.o
 .debug_macro   0x00001a2a       0x29 ./app.o
 .debug_macro   0x00001a53      0x110 ./app.o
 .debug_macro   0x00001b63     0x17ea ./app.o
 .debug_macro   0x0000334d       0x5e ./app.o
 .debug_macro   0x000033ab       0x16 ./app.o
 .debug_macro   0x000033c1      0xe4f ./app.o
 .debug_macro   0x00004210     0x12bd ./app.o
 .debug_macro   0x000054cd      0x87c ./app.o
 .debug_macro   0x00005d49      0x300 ./app.o
 .debug_macro   0x00006049       0x34 ./app.o
 .debug_macro   0x0000607d      0x304 ./app.o
 .debug_macro   0x00006381      0x456 ./app.o
 .debug_macro   0x000067d7      0x4a1 ./app.o
 .debug_macro   0x00006c78      0x156 ./app.o
 .debug_macro   0x00006dce      0x764 ./app.o
 .debug_macro   0x00007532      0x363 ./app.o
 .debug_macro   0x00007895     0x14f4 ./app.o
 .debug_macro   0x00008d89       0x10 ./app.o
 .debug_macro   0x00008d99      0x997 ./app.o
 .debug_macro   0x00009730     0x2b9a ./app.o
 .debug_macro   0x0000c2ca      0xcb2 ./app.o
 .debug_macro   0x0000cf7c       0x4c ./app.o
 .debug_macro   0x0000cfc8     0x15b8 ./app.o
 .debug_macro   0x0000e580     0x210a ./app.o
 .debug_macro   0x0001068a      0x53c ./app.o
 .debug_macro   0x00010bc6      0xfe5 ./app.o
 .debug_macro   0x00011bab      0x955 ./app.o
 .debug_macro   0x00012500       0x34 ./app.o
 .debug_macro   0x00012534      0x308 ./app.o
 .debug_macro   0x0001283c      0x6a7 ./app.o
 .debug_macro   0x00012ee3      0x618 ./app.o
 .debug_macro   0x000134fb      0x91e ./app.o
 .debug_macro   0x00013e19     0x1b1b ./app.o
 .debug_macro   0x00015934      0x76b ./app.o
 .debug_macro   0x0001609f      0x8f3 ./app.o
 .debug_macro   0x00016992     0x14b5 ./app.o
 .debug_macro   0x00017e47      0x688 ./app.o
 .debug_macro   0x000184cf      0x464 ./app.o
 .debug_macro   0x00018933     0x141b ./app.o
 .debug_macro   0x00019d4e     0x15c0 ./app.o
 .debug_macro   0x0001b30e     0x1384 ./app.o
 .debug_macro   0x0001c692     0x155c ./app.o
 .debug_macro   0x0001dbee      0x2d0 ./app.o
 .debug_macro   0x0001debe      0x26c ./app.o
 .debug_macro   0x0001e12a       0x1c ./app.o
 .debug_macro   0x0001e146      0xc98 ./app.o
 .debug_macro   0x0001edde       0x16 ./app.o
 .debug_macro   0x0001edf4       0x10 ./app.o
 .debug_macro   0x0001ee04       0x8d ./app.o
 .debug_macro   0x0001ee91       0x10 ./app.o
 .debug_macro   0x0001eea1       0xf6 ./app.o
 .debug_macro   0x0001ef97       0x16 ./app.o
 .debug_macro   0x0001efad       0xd6 ./app.o
 .debug_macro   0x0001f083      0x307 ./app.o
 .debug_macro   0x0001f38a      0x11b ./app.o
 .debug_macro   0x0001f4a5       0x85 ./app.o
 .debug_macro   0x0001f52a      0x2cf ./gpio.o
 .debug_macro   0x0001f7f9      0x2fb ./main.o
 .debug_macro   0x0001faf4      0xf00 ./main.o
 .debug_macro   0x000209f4      0x2f0 ./timer.o
 .debug_macro   0x00020ce4       0x8e ./autogen/sl_board_default_init.o
 .debug_macro   0x00020d72      0xa8a ./autogen/sl_board_default_init.o
 .debug_macro   0x000217fc       0x56 ./autogen/sl_board_default_init.o
 .debug_macro   0x00021852      0x72f ./autogen/sl_board_default_init.o
 .debug_macro   0x00021f81      0x2f1 ./autogen/sl_device_init_clocks.o
 .debug_macro   0x00022272     0x17ea ./autogen/sl_device_init_clocks.o
 .debug_macro   0x00023a5c       0x22 ./autogen/sl_device_init_clocks.o
 .debug_macro   0x00023a7e      0x33c ./autogen/sl_event_handler.o
 .debug_macro   0x00023dba       0x12 ./autogen/sl_event_handler.o
 .debug_macro   0x00023dcc      0x735 ./autogen/sl_event_handler.o
 .debug_macro   0x00024501      0x2e2 ./gecko_sdk_4.1.1/hardware/board/src/sl_board_control_gpio.o
 .debug_macro   0x000247e3       0x6a ./gecko_sdk_4.1.1/hardware/board/src/sl_board_control_gpio.o
 .debug_macro   0x0002484d      0x307 ./gecko_sdk_4.1.1/hardware/board/src/sl_board_init.o
 .debug_macro   0x00024b54       0xdc ./gecko_sdk_4.1.1/hardware/board/src/sl_board_init.o
 .debug_macro   0x00024c30       0x46 ./gecko_sdk_4.1.1/hardware/board/src/sl_board_init.o
 .debug_macro   0x00024c76      0x31a ./gecko_sdk_4.1.1/hardware/driver/mx25_flash_shutdown/src/sl_mx25_flash_shutdown_usart/sl_mx25_flash_shutdown.o
 .debug_macro   0x00024f90       0xf1 ./gecko_sdk_4.1.1/hardware/driver/mx25_flash_shutdown/src/sl_mx25_flash_shutdown_usart/sl_mx25_flash_shutdown.o
 .debug_macro   0x00025081      0x270 ./gecko_sdk_4.1.1/platform/Device/SiliconLabs/EFR32BG22/Source/startup_efr32bg22.o
 .debug_macro   0x000252f1      0x291 ./gecko_sdk_4.1.1/platform/Device/SiliconLabs/EFR32BG22/Source/system_efr32bg22.o
 .debug_macro   0x00025582       0x2c ./gecko_sdk_4.1.1/platform/common/src/sl_assert.o
 .debug_macro   0x000255ae       0x92 ./gecko_sdk_4.1.1/platform/common/toolchain/src/sl_memory.o
 .debug_macro   0x00025640      0x16d ./gecko_sdk_4.1.1/platform/common/toolchain/src/sl_memory.o
 .debug_macro   0x000257ad       0x16 ./gecko_sdk_4.1.1/platform/common/toolchain/src/sl_memory.o
 .debug_macro   0x000257c3      0x3ce ./gecko_sdk_4.1.1/platform/emlib/src/em_cmu.o
 .debug_macro   0x00025b91       0x64 ./gecko_sdk_4.1.1/platform/emlib/src/em_cmu.o
 .debug_macro   0x00025bf5      0x35d ./gecko_sdk_4.1.1/platform/emlib/src/em_cmu.o
 .debug_macro   0x00025f52       0x7c ./gecko_sdk_4.1.1/platform/emlib/src/em_cmu.o
 .debug_macro   0x00025fce       0x17 ./gecko_sdk_4.1.1/platform/emlib/src/em_cmu.o
 .debug_macro   0x00025fe5       0xee ./gecko_sdk_4.1.1/platform/emlib/src/em_cmu.o
 .debug_macro   0x000260d3       0x3f ./gecko_sdk_4.1.1/platform/emlib/src/em_cmu.o
 .debug_macro   0x00026112       0xdc ./gecko_sdk_4.1.1/platform/emlib/src/em_cmu.o
 .debug_macro   0x000261ee       0x34 ./gecko_sdk_4.1.1/platform/emlib/src/em_cmu.o
 .debug_macro   0x00026222       0x42 ./gecko_sdk_4.1.1/platform/emlib/src/em_cmu.o
 .debug_macro   0x00026264      0x2ac ./gecko_sdk_4.1.1/platform/emlib/src/em_core.o
 .debug_macro   0x00026510      0x37a ./gecko_sdk_4.1.1/platform/emlib/src/em_emu.o
 .debug_macro   0x0002688a       0x5e ./gecko_sdk_4.1.1/platform/emlib/src/em_emu.o
 .debug_macro   0x000268e8       0x5c ./gecko_sdk_4.1.1/platform/emlib/src/em_emu.o
 .debug_macro   0x00026944       0x39 ./gecko_sdk_4.1.1/platform/emlib/src/em_emu.o
 .debug_macro   0x0002697d      0x2cc ./gecko_sdk_4.1.1/platform/emlib/src/em_gpio.o
 .debug_macro   0x00026c49      0x29a ./gecko_sdk_4.1.1/platform/emlib/src/em_timer.o
 .debug_macro   0x00026ee3       0x7f ./gecko_sdk_4.1.1/platform/emlib/src/em_timer.o
 .debug_macro   0x00026f62      0x315 ./gecko_sdk_4.1.1/platform/emlib/src/em_usart.o
 .debug_macro   0x00027277       0xeb ./gecko_sdk_4.1.1/platform/emlib/src/em_usart.o
 .debug_macro   0x00027362      0x2d9 ./gecko_sdk_4.1.1/platform/service/device_init/src/sl_device_init_dcdc_s2.o
 .debug_macro   0x0002763b       0x22 ./gecko_sdk_4.1.1/platform/service/device_init/src/sl_device_init_dcdc_s2.o
 .debug_macro   0x0002765d      0x2df ./gecko_sdk_4.1.1/platform/service/device_init/src/sl_device_init_emu_s2.o
 .debug_macro   0x0002793c       0x10 ./gecko_sdk_4.1.1/platform/service/device_init/src/sl_device_init_emu_s2.o
 .debug_macro   0x0002794c      0x306 ./gecko_sdk_4.1.1/platform/service/device_init/src/sl_device_init_hfxo_s2.o
 .debug_macro   0x00027c52       0x1c ./gecko_sdk_4.1.1/platform/service/device_init/src/sl_device_init_hfxo_s2.o
 .debug_macro   0x00027c6e      0x2fa ./gecko_sdk_4.1.1/platform/service/device_init/src/sl_device_init_lfxo_s2.o
 .debug_macro   0x00027f68       0x22 ./gecko_sdk_4.1.1/platform/service/device_init/src/sl_device_init_lfxo_s2.o
 .debug_macro   0x00027f8a      0x2a9 ./gecko_sdk_4.1.1/platform/service/device_init/src/sl_device_init_nvic.o
 .debug_macro   0x00028233       0x24 ./gecko_sdk_4.1.1/platform/service/system/src/sl_system_init.o
 .debug_macro   0x00028257       0x24 ./gecko_sdk_4.1.1/platform/service/system/src/sl_system_process_action.o
 .debug_macro   0x0002827b      0x283 ./gecko_sdk_4.1.1/platform/service/udelay/src/sl_udelay.o

.debug_line     0x00000000    0x13f92
 .debug_line    0x00000000      0xa6e ./app.o
 .debug_line    0x00000a6e      0xab9 ./gpio.o
 .debug_line    0x00001527      0xaa0 ./main.o
 .debug_line    0x00001fc7      0xbfe ./timer.o
 .debug_line    0x00002bc5      0x3db ./autogen/sl_board_default_init.o
 .debug_line    0x00002fa0      0xa0d ./autogen/sl_device_init_clocks.o
 .debug_line    0x000039ad      0xba6 ./autogen/sl_event_handler.o
 .debug_line    0x00004553      0xbd9 ./gecko_sdk_4.1.1/hardware/board/src/sl_board_control_gpio.o
 .debug_line    0x0000512c      0xb10 ./gecko_sdk_4.1.1/hardware/board/src/sl_board_init.o
 .debug_line    0x00005c3c      0xc06 ./gecko_sdk_4.1.1/hardware/driver/mx25_flash_shutdown/src/sl_mx25_flash_shutdown_usart/sl_mx25_flash_shutdown.o
 .debug_line    0x00006842      0x8c4 ./gecko_sdk_4.1.1/platform/Device/SiliconLabs/EFR32BG22/Source/startup_efr32bg22.o
 .debug_line    0x00007106      0xaa6 ./gecko_sdk_4.1.1/platform/Device/SiliconLabs/EFR32BG22/Source/system_efr32bg22.o
 .debug_line    0x00007bac      0x1e7 ./gecko_sdk_4.1.1/platform/common/src/sl_assert.o
 .debug_line    0x00007d93      0x3ec ./gecko_sdk_4.1.1/platform/common/toolchain/src/sl_memory.o
 .debug_line    0x0000817f     0x29b8 ./gecko_sdk_4.1.1/platform/emlib/src/em_cmu.o
 .debug_line    0x0000ab37     0x1080 ./gecko_sdk_4.1.1/platform/emlib/src/em_core.o
 .debug_line    0x0000bbb7     0x14ae ./gecko_sdk_4.1.1/platform/emlib/src/em_emu.o
 .debug_line    0x0000d065      0xdd5 ./gecko_sdk_4.1.1/platform/emlib/src/em_gpio.o
 .debug_line    0x0000de3a      0xe13 ./gecko_sdk_4.1.1/platform/emlib/src/em_timer.o
 .debug_line    0x0000ec4d     0x136b ./gecko_sdk_4.1.1/platform/emlib/src/em_usart.o
 .debug_line    0x0000ffb8      0xa25 ./gecko_sdk_4.1.1/platform/service/device_init/src/sl_device_init_dcdc_s2.o
 .debug_line    0x000109dd      0xa3c ./gecko_sdk_4.1.1/platform/service/device_init/src/sl_device_init_emu_s2.o
 .debug_line    0x00011419      0xaad ./gecko_sdk_4.1.1/platform/service/device_init/src/sl_device_init_hfxo_s2.o
 .debug_line    0x00011ec6      0xa6b ./gecko_sdk_4.1.1/platform/service/device_init/src/sl_device_init_lfxo_s2.o
 .debug_line    0x00012931      0x9d3 ./gecko_sdk_4.1.1/platform/service/device_init/src/sl_device_init_nvic.o
 .debug_line    0x00013304      0x158 ./gecko_sdk_4.1.1/platform/service/system/src/sl_system_init.o
 .debug_line    0x0001345c      0x161 ./gecko_sdk_4.1.1/platform/service/system/src/sl_system_process_action.o
 .debug_line    0x000135bd      0x95d ./gecko_sdk_4.1.1/platform/service/udelay/src/sl_udelay.o
 .debug_line    0x00013f1a       0x78 ./gecko_sdk_4.1.1/platform/service/udelay/src/sl_udelay_armv6m_gcc.o

.debug_str      0x00000000    0xd97dc
 .debug_str     0x00000000    0xc9ae2 ./app.o
                              0xca438 (size before relaxing)
 .debug_str     0x000c9ae2      0xa9c ./gpio.o
                              0xc816f (size before relaxing)
 .debug_str     0x000ca57e       0x67 ./main.o
                              0xc749c (size before relaxing)
 .debug_str     0x000ca5e5      0x6a6 ./timer.o
                              0xca9e1 (size before relaxing)
 .debug_str     0x000cac8b     0x3f59 ./autogen/sl_board_default_init.o
                               0x79e2 (size before relaxing)
 .debug_str     0x000cebe4      0x5e8 ./autogen/sl_device_init_clocks.o
                              0xcd2eb (size before relaxing)
 .debug_str     0x000cf1cc      0xb6f ./autogen/sl_event_handler.o
                              0xcbaa0 (size before relaxing)
 .debug_str     0x000cfd3b      0x42e ./gecko_sdk_4.1.1/hardware/board/src/sl_board_control_gpio.o
                              0xcb3e2 (size before relaxing)
 .debug_str     0x000d0169      0x1fe ./gecko_sdk_4.1.1/hardware/board/src/sl_board_init.o
                              0xcd57f (size before relaxing)
 .debug_str     0x000d0367      0xc52 ./gecko_sdk_4.1.1/hardware/driver/mx25_flash_shutdown/src/sl_mx25_flash_shutdown_usart/sl_mx25_flash_shutdown.o
                              0xcb072 (size before relaxing)
 .debug_str     0x000d0fb9      0x14c ./gecko_sdk_4.1.1/platform/Device/SiliconLabs/EFR32BG22/Source/startup_efr32bg22.o
                              0xc5dee (size before relaxing)
 .debug_str     0x000d1105      0x6ab ./gecko_sdk_4.1.1/platform/Device/SiliconLabs/EFR32BG22/Source/system_efr32bg22.o
                              0xc7050 (size before relaxing)
 .debug_str     0x000d17b0       0x38 ./gecko_sdk_4.1.1/platform/common/src/sl_assert.o
                               0x2e5c (size before relaxing)
 .debug_str     0x000d17e8      0x3b5 ./gecko_sdk_4.1.1/platform/common/toolchain/src/sl_memory.o
                               0x404c (size before relaxing)
 .debug_str     0x000d1b9d     0x3bcc ./gecko_sdk_4.1.1/platform/emlib/src/em_cmu.o
                              0xcee05 (size before relaxing)
 .debug_str     0x000d5769      0x36c ./gecko_sdk_4.1.1/platform/emlib/src/em_core.o
                              0xc70fa (size before relaxing)
 .debug_str     0x000d5ad5      0xa2a ./gecko_sdk_4.1.1/platform/emlib/src/em_emu.o
                              0xcd2d6 (size before relaxing)
 .debug_str     0x000d64ff      0x1ad ./gecko_sdk_4.1.1/platform/emlib/src/em_gpio.o
                              0xc828c (size before relaxing)
 .debug_str     0x000d66ac     0x1ef1 ./gecko_sdk_4.1.1/platform/emlib/src/em_timer.o
                              0xc8915 (size before relaxing)
 .debug_str     0x000d859d      0x662 ./gecko_sdk_4.1.1/platform/emlib/src/em_usart.o
                              0xccd91 (size before relaxing)
 .debug_str     0x000d8bff      0x10d ./gecko_sdk_4.1.1/platform/service/device_init/src/sl_device_init_dcdc_s2.o
                              0xcab7b (size before relaxing)
 .debug_str     0x000d8d0c       0xd9 ./gecko_sdk_4.1.1/platform/service/device_init/src/sl_device_init_emu_s2.o
                              0xcad55 (size before relaxing)
 .debug_str     0x000d8de5      0x5ff ./gecko_sdk_4.1.1/platform/service/device_init/src/sl_device_init_hfxo_s2.o
                              0xcd7ff (size before relaxing)
 .debug_str     0x000d93e4      0x254 ./gecko_sdk_4.1.1/platform/service/device_init/src/sl_device_init_lfxo_s2.o
                              0xcd0db (size before relaxing)
 .debug_str     0x000d9638       0x53 ./gecko_sdk_4.1.1/platform/service/device_init/src/sl_device_init_nvic.o
                              0xcaa0e (size before relaxing)
 .debug_str     0x000d968b       0x40 ./gecko_sdk_4.1.1/platform/service/system/src/sl_system_init.o
                               0x2e2d (size before relaxing)
 .debug_str     0x000d96cb       0x4a ./gecko_sdk_4.1.1/platform/service/system/src/sl_system_process_action.o
                               0x2e5a (size before relaxing)
 .debug_str     0x000d9715       0x73 ./gecko_sdk_4.1.1/platform/service/udelay/src/sl_udelay.o
                              0xc5d89 (size before relaxing)
 .debug_str     0x000d9788       0x54 ./gecko_sdk_4.1.1/platform/service/udelay/src/sl_udelay_armv6m_gcc.o
                                 0xa3 (size before relaxing)

.debug_frame    0x00000000     0x15a4
 .debug_frame   0x00000000       0x38 ./app.o
 .debug_frame   0x00000038       0x9c ./gpio.o
 .debug_frame   0x000000d4       0x28 ./main.o
 .debug_frame   0x000000fc       0xf8 ./timer.o
 .debug_frame   0x000001f4       0x2c ./autogen/sl_board_default_init.o
 .debug_frame   0x00000220       0x28 ./autogen/sl_device_init_clocks.o
 .debug_frame   0x00000248       0xac ./autogen/sl_event_handler.o
 .debug_frame   0x000002f4       0xf0 ./gecko_sdk_4.1.1/hardware/board/src/sl_board_control_gpio.o
 .debug_frame   0x000003e4       0x3c ./gecko_sdk_4.1.1/hardware/board/src/sl_board_init.o
 .debug_frame   0x00000420       0x54 ./gecko_sdk_4.1.1/hardware/driver/mx25_flash_shutdown/src/sl_mx25_flash_shutdown_usart/sl_mx25_flash_shutdown.o
 .debug_frame   0x00000474       0x38 ./gecko_sdk_4.1.1/platform/Device/SiliconLabs/EFR32BG22/Source/startup_efr32bg22.o
 .debug_frame   0x000004ac      0x100 ./gecko_sdk_4.1.1/platform/Device/SiliconLabs/EFR32BG22/Source/system_efr32bg22.o
 .debug_frame   0x000005ac       0x20 ./gecko_sdk_4.1.1/platform/common/src/sl_assert.o
 .debug_frame   0x000005cc       0x40 ./gecko_sdk_4.1.1/platform/common/toolchain/src/sl_memory.o
 .debug_frame   0x0000060c      0x440 ./gecko_sdk_4.1.1/platform/emlib/src/em_cmu.o
 .debug_frame   0x00000a4c      0x244 ./gecko_sdk_4.1.1/platform/emlib/src/em_core.o
 .debug_frame   0x00000c90      0x2ec ./gecko_sdk_4.1.1/platform/emlib/src/em_emu.o
 .debug_frame   0x00000f7c      0x16c ./gecko_sdk_4.1.1/platform/emlib/src/em_gpio.o
 .debug_frame   0x000010e8       0xcc ./gecko_sdk_4.1.1/platform/emlib/src/em_timer.o
 .debug_frame   0x000011b4      0x1ec ./gecko_sdk_4.1.1/platform/emlib/src/em_usart.o
 .debug_frame   0x000013a0       0x28 ./gecko_sdk_4.1.1/platform/service/device_init/src/sl_device_init_dcdc_s2.o
 .debug_frame   0x000013c8       0x2c ./gecko_sdk_4.1.1/platform/service/device_init/src/sl_device_init_emu_s2.o
 .debug_frame   0x000013f4       0x34 ./gecko_sdk_4.1.1/platform/service/device_init/src/sl_device_init_hfxo_s2.o
 .debug_frame   0x00001428       0x30 ./gecko_sdk_4.1.1/platform/service/device_init/src/sl_device_init_lfxo_s2.o
 .debug_frame   0x00001458       0x28 ./gecko_sdk_4.1.1/platform/service/device_init/src/sl_device_init_nvic.o
 .debug_frame   0x00001480       0x2c ./gecko_sdk_4.1.1/platform/service/system/src/sl_system_init.o
 .debug_frame   0x000014ac       0x2c ./gecko_sdk_4.1.1/platform/service/system/src/sl_system_process_action.o
 .debug_frame   0x000014d8       0x38 ./gecko_sdk_4.1.1/platform/service/udelay/src/sl_udelay.o
 .debug_frame   0x00001510       0x28 c:/siliconlabs/simplicitystudio/v5/developer/toolchains/gnu_arm/10.3_2021.10/bin/../lib/gcc/arm-none-eabi/10.3.1/../../../../arm-none-eabi/lib/thumb/v8-m.main+fp/hard\libc_nano.a(lib_a-exit.o)
 .debug_frame   0x00001538       0x2c c:/siliconlabs/simplicitystudio/v5/developer/toolchains/gnu_arm/10.3_2021.10/bin/../lib/gcc/arm-none-eabi/10.3.1/../../../../arm-none-eabi/lib/thumb/v8-m.main+fp/hard\libc_nano.a(lib_a-init.o)
 .debug_frame   0x00001564       0x20 c:/siliconlabs/simplicitystudio/v5/developer/toolchains/gnu_arm/10.3_2021.10/bin/../lib/gcc/arm-none-eabi/10.3.1/../../../../arm-none-eabi/lib/thumb/v8-m.main+fp/hard\libc_nano.a(lib_a-memset.o)
 .debug_frame   0x00001584       0x20 c:/siliconlabs/simplicitystudio/v5/developer/toolchains/gnu_arm/10.3_2021.10/bin/../lib/gcc/arm-none-eabi/10.3.1/../../../../arm-none-eabi/lib/thumb/v8-m.main+fp/hard\libnosys.a(_exit.o)
